Component: ARM Compiler 5.06 update 5 (build 528) Tool: armlink [4d35e2]

==============================================================================

Section Cross References

    startup_stm32f10x_md.o(RESET) refers to startup_stm32f10x_md.o(STACK) for __initial_sp
    startup_stm32f10x_md.o(RESET) refers to startup_stm32f10x_md.o(.text) for Reset_Handler
    startup_stm32f10x_md.o(RESET) refers to stm32f10x_it.o(.text) for NMI_Handler
    startup_stm32f10x_md.o(RESET) refers to adc.o(.text) for ADC1_2_IRQHandler
    startup_stm32f10x_md.o(RESET) refers to timer.o(.text) for TIM2_IRQHandler
    startup_stm32f10x_md.o(RESET) refers to usart.o(.text) for USART1_IRQHandler
    startup_stm32f10x_md.o(.text) refers to system_stm32f10x.o(.text) for SystemInit
    startup_stm32f10x_md.o(.text) refers to entry.o(.ARM.Collect$$$$00000000) for __main
    stm32f10x_adc.o(.text) refers to stm32f10x_rcc.o(.text) for RCC_APB2PeriphResetCmd
    stm32f10x_bkp.o(.text) refers to stm32f10x_rcc.o(.text) for RCC_BackupResetCmd
    stm32f10x_cec.o(.text) refers to stm32f10x_rcc.o(.text) for RCC_APB1PeriphResetCmd
    stm32f10x_dac.o(.text) refers to stm32f10x_rcc.o(.text) for RCC_APB1PeriphResetCmd
    stm32f10x_gpio.o(.text) refers to stm32f10x_rcc.o(.text) for RCC_APB2PeriphResetCmd
    stm32f10x_i2c.o(.text) refers to stm32f10x_rcc.o(.text) for RCC_APB1PeriphResetCmd
    stm32f10x_pwr.o(.text) refers to stm32f10x_rcc.o(.text) for RCC_APB1PeriphResetCmd
    stm32f10x_rcc.o(.text) refers to stm32f10x_rcc.o(.data) for APBAHBPrescTable
    stm32f10x_tim.o(.text) refers to stm32f10x_rcc.o(.text) for RCC_APB2PeriphResetCmd
    stm32f10x_usart.o(.text) refers to stm32f10x_rcc.o(.text) for RCC_APB2PeriphResetCmd
    system_stm32f10x.o(.text) refers to system_stm32f10x.o(.data) for SystemCoreClock
    main.o(.text) refers to stm32f10x_rcc.o(.text) for RCC_DeInit
    main.o(.text) refers to stm32f10x_flash.o(.text) for FLASH_PrefetchBufferCmd
    main.o(.text) refers to misc.o(.text) for NVIC_PriorityGroupConfig
    main.o(.text) refers to delay.o(.text) for delay_init
    main.o(.text) refers to appsys.o(.text) for app_BspInit
    main.o(.text) refers to appparam.o(.data) for SysParamHandle
    appparam.o(.data) refers to appsys.o(.text) for Key1_short_press_up_handle
    appparam.o(.data) refers to appparam.o(.bss) for matrix_key_table
    appparam.o(.data) refers to snr1806.o(.data) for gs_Ld3322Handle
    appparam.o(.data) refers to gizwits_product.o(.bss) for currentDataPoint
    appsys.o(.text) refers to uln2003.o(.text) for MotorCwStep
    appsys.o(.text) refers to led.o(.text) for GPIO_TogglePin
    appsys.o(.text) refers to gizwits_product.o(.text) for gizTimerMs
    appsys.o(.text) refers to usart.o(.text) for uart1_init
    appsys.o(.text) refers to gizwits_protocol.o(.text) for gizwitsInit
    appsys.o(.text) refers to oled.o(.text) for OLED_CLS
    appsys.o(.text) refers to delay.o(.text) for delay_ms
    appsys.o(.text) refers to timer.o(.text) for FML_TIME_Init
    appsys.o(.text) refers to bsp_dht11.o(.text) for DHT11_Init
    appsys.o(.text) refers to snr1806.o(.text) for drv_Ld3322_Handle
    appsys.o(.text) refers to appparam.o(.data) for SysParamHandle
    appsys.o(.text) refers to appsys.o(.data) for u32SysTick
    appsys.o(.text) refers to gizwits_product.o(.bss) for currentDataPoint
    appsys.o(.text) refers to gizwits_product.o(.data) for gfunCallback
    appsys.o(.data) refers to appsys.o(.conststring) for .conststring
    appsys.o(.data) refers to appsys.o(.text) for TurnONLight
    bsp_key.o(.text) refers to stm32f10x_gpio.o(.text) for GPIO_WriteBit
    bsp_key.o(.text) refers to stm32f10x_rcc.o(.text) for RCC_APB2PeriphClockCmd
    bsp_key.o(.text) refers to bsp_key.o(.data) for keyState
    bsp_dht11.o(.text) refers to stm32f10x_rcc.o(.text) for RCC_APB2PeriphClockCmd
    bsp_dht11.o(.text) refers to stm32f10x_gpio.o(.text) for GPIO_Init
    bsp_dht11.o(.text) refers to delay.o(.text) for delay_us
    led.o(.text) refers to stm32f10x_rcc.o(.text) for RCC_APB2PeriphClockCmd
    led.o(.text) refers to stm32f10x_gpio.o(.text) for GPIO_Init
    bsp_relay.o(.text) refers to stm32f10x_rcc.o(.text) for RCC_APB2PeriphClockCmd
    bsp_relay.o(.text) refers to stm32f10x_gpio.o(.text) for GPIO_Init
    bsp_relay.o(.text) refers to bsp_relay.o(.data) for u32_switch_time
    snr1806.o(.text) refers to usart.o(.text) for uart2_init
    snr1806.o(.text) refers to user_common.o(.text) for User_MemCpy
    snr1806.o(.text) refers to strcmp.o(.text) for strcmp
    snr1806.o(.text) refers to snr1806.o(.data) for gs_Ld3322Handle
    snr1806.o(.data) refers to snr1806.o(.bss) for gRevDataBuf
    uln2003.o(.text) refers to stm32f10x_rcc.o(.text) for RCC_APB2PeriphClockCmd
    uln2003.o(.text) refers to stm32f10x_gpio.o(.text) for GPIO_Init
    uln2003.o(.text) refers to delay.o(.text) for delay_ms
    uln2003.o(.text) refers to uln2003.o(.data) for i
[...]
    d2f.o(.text) refers to fepilogue.o(.text) for _float_round
    entry2.o(.ARM.Collect$$$$00000001) refers to entry2.o(.ARM.Collect$$$$00002712) for __lit__00000000
    entry2.o(.ARM.Collect$$$$00002712) refers to startup_stm32f10x_md.o(STACK) for __initial_sp
    entry2.o(__vectab_stack_and_reset_area) refers to startup_stm32f10x_md.o(STACK) for __initial_sp
    entry2.o(__vectab_stack_and_reset_area) refers to entry.o(.ARM.Collect$$$$00000000) for __main
    entry5.o(.ARM.Collect$$$$00000004) refers to init.o(.text) for __scatterload
    entry9a.o(.ARM.Collect$$$$0000000B) refers to main.o(.text) for main
    entry9b.o(.ARM.Collect$$$$0000000C) refers to main.o(.text) for main
    depilogue.o(.text) refers to llshl.o(.text) for __aeabi_llsl
    depilogue.o(.text) refers to llushr.o(.text) for __aeabi_llsr
    init.o(.text) refers to entry5.o(.ARM.Collect$$$$00000004) for __main_after_scatterload


==============================================================================

Removing Unused input sections from the image.

    Removing startup_stm32f10x_md.o(HEAP), (512 bytes).
    Removing stm32f10x_bkp.o(.text), (196 bytes).
    Removing stm32f10x_cec.o(.text), (288 bytes).
    Removing stm32f10x_crc.o(.text), (72 bytes).
    Removing stm32f10x_dac.o(.text), (396 bytes).
    Removing stm32f10x_dbgmcu.o(.text), (48 bytes).
    Removing stm32f10x_exti.o(.text), (284 bytes).
    Removing stm32f10x_i2c.o(.text), (1028 bytes).
    Removing stm32f10x_iwdg.o(.text), (64 bytes).
    Removing stm32f10x_pwr.o(.text), (204 bytes).
    Removing stm32f10x_rtc.o(.text), (328 bytes).
    Removing core_cm3.o(.emb_text), (32 bytes).
    Removing bsp_key.o(.text), (1252 bytes).
    Removing bsp_key.o(.data), (8 bytes).
    Removing bsp_relay.o(.text), (100 bytes).
    Removing bsp_relay.o(.data), (4 bytes).
    Removing bh1750fvi.o(.text), (692 bytes).
    Removing timer.o(.data), (6 bytes).
    Removing pwm.o(.text), (416 bytes).

19 unused section(s) (total 5930 bytes) removed from the image.

==============================================================================

Image Symbol Table

    Local Symbols

    Symbol Name                              Value     Ov Type        Size  Object(Section)

    ../clib/../cmprslib/zerorunl2.c          0x00000000   Number         0  __dczerorl2.o ABSOLUTE
    ../clib/microlib/ctype/toupper.c         0x00000000   Number         0  toupper.o ABSOLUTE
    ../clib/microlib/init/entry.s            0x00000000   Number         0  entry7a.o ABSOLUTE
    ../clib/microlib/init/entry.s            0x00000000   Number         0  entry.o ABSOLUTE
    ../clib/microlib/init/entry.s            0x00000000   Number         0  entry2.o ABSOLUTE
    ../clib/microlib/init/entry.s            0x00000000   Number         0  entry8a.o ABSOLUTE
    ../clib/microlib/init/entry.s            0x00000000   Number         0  entry7b.o ABSOLUTE
    ../clib/microlib/init/entry.s            0x00000000   Number         0  entry5.o ABSOLUTE
    ../clib/microlib/init/entry.s            0x00000000   Number         0  entry8b.o ABSOLUTE
    ../clib/microlib/init/entry.s            0x00000000   Number         0  entry9a.o ABSOLUTE
    ../clib/microlib/init/entry.s            0x00000000   Number         0  entry9b.o ABSOLUTE
    ../clib/microlib/init/entry.s            0x00000000   Number         0  entry10a.o ABSOLUTE
    ../clib/microlib/init/entry.s            0x00000000   Number         0  entry10b.o ABSOLUTE
    ../clib/microlib/init/entry.s            0x00000000   Number         0  entry11a.o ABSOLUTE
    ../clib/microlib/init/entry.s            0x00000000   Number         0  entry11b.o ABSOLUTE
    ../clib/microlib/longlong.c              0x00000000   Number         0  llshl.o ABSOLUTE
    ../clib/microlib/longlong.c              0x00000000   Number         0  llushr.o ABSOLUTE
    ../clib/microlib/malloc/malloc.c         0x00000000   Number         0  mallocra.o ABSOLUTE
    ../clib/microlib/malloc/malloc.c         0x00000000   Number         0  malloca.o ABSOLUTE
    ../clib/microlib/malloc/malloc.c         0x00000000   Number         0  mallocr.o ABSOLUTE
    ../clib/microlib/malloc/malloc.c         0x00000000   Number         0  malloc.o ABSOLUTE
    ../clib/microlib/malloc/mvars.c          0x00000000   Number         0  mvars.o ABSOLUTE
    ../clib/microlib/string/memcpy.c         0x00000000   Number         0  memcpyb.o ABSOLUTE
    ../clib/microlib/string/memcpy.c         0x00000000   Number         0  memcpya.o ABSOLUTE
    ../clib/microlib/string/memset.c         0x00000000   Number         0  memseta.o ABSOLUTE
    ../clib/microlib/string/strcmp.c         0x00000000   Number         0  strcmp.o ABSOLUTE
    ../clib/microlib/string/strlen.c         0x00000000   Number         0  strlen.o ABSOLUTE
    ../clib/microlib/stubs.s                 0x00000000   Number         0  iusefp.o ABSOLUTE
    ../fplib/microlib/d2f.c                  0x00000000   Number         0  d2f.o ABSOLUTE
    ../fplib/microlib/f2d.c                  0x00000000   Number         0  f2d.o ABSOLUTE
    ../fplib/microlib/fpadd.c                0x00000000   Number         0  fadd.o ABSOLUTE
    ../fplib/microlib/fpdiv.c                0x00000000   Number         0  fdiv.o ABSOLUTE
    ../fplib/microlib/fpepilogue.c           0x00000000   Number         0  fepilogue.o ABSOLUTE
    ../fplib/microlib/fpepilogue.c           0x00000000   Number         0  depilogue.o ABSOLUTE
    ../fplib/microlib/fpfix.c                0x00000000   Number         0  ffixui.o ABSOLUTE
    ../fplib/microlib/fpflt.c                0x00000000   Number         0  ffltui.o ABSOLUTE
    ../fplib/microlib/fpmul.c                0x00000000   Number         0  fmul.o ABSOLUTE
    ../fplib/microlib/fpmul.c                0x00000000   Number         0  dmul.o ABSOLUTE
    ..\..\Common\user_common.c               0x00000000   Number         0  user_common.o ABSOLUTE
    ..\..\Gizwits\gizwits_product.c          0x00000000   Number         0  gizwits_product.o ABSOLUTE
    ..\..\Gizwits\gizwits_protocol.c         0x00000000   Number         0  gizwits_protocol.o ABSOLUTE
    ..\..\HARDWARE\GY30\BH1750FVI.c          0x00000000   Number         0  bh1750fvi.o ABSOLUTE
    ..\..\HARDWARE\Key\bsp_key.c             0x00000000   Number         0  bsp_key.o ABSOLUTE
    ..\..\HARDWARE\Led\led.c                 0x00000000   Number         0  led.o ABSOLUTE
    ..\..\HARDWARE\OLED\oled.c               0x00000000   Number         0  oled.o ABSOLUTE
    ..\..\HARDWARE\Relay\bsp_relay.c         0x00000000   Number         0  bsp_relay.o ABSOLUTE
    ..\..\HARDWARE\SNR1806\snr1806.c         0x00000000   Number         0  snr1806.o ABSOLUTE
    ..\..\HARDWARE\ULN2003\uln2003.c         0x00000000   Number         0  uln2003.o ABSOLUTE
    ..\..\HARDWARE\dht11\bsp_dht11.c         0x00000000   Number         0  bsp_dht11.o ABSOLUTE
    ..\..\Libraries\CMSIS\CM3\CoreSupport\core_cm3.c 0x00000000   Number         0  core_cm3.o ABSOLUTE
    ..\..\Libraries\CMSIS\CM3\DeviceSupport\ST\STM32F10x\startup\arm\startup_stm32f10x_md.s 0x00000000   Number         0  startup_stm32f10x_md.o ABSOLUTE
    ..\..\Libraries\CMSIS\CM3\DeviceSupport\ST\STM32F10x\system_stm32f10x.c 0x00000000   Number         0  system_stm32f10x.o ABSOLUTE
    ..\..\Libraries\STM32F10x_StdPeriph_Driver\src\misc.c 0x00000000   Number         0  misc.o ABSOLUTE
    ..\..\Libraries\STM32F10x_StdPeriph_Driver\src\stm32f10x_adc.c 0x00000000   Number         0  stm32f10x_adc.o ABSOLUTE
    ..\..\Libraries\STM32F10x_StdPeriph_Driver\src\stm32f10x_bkp.c 0x00000000   Number         0  stm32f10x_bkp.o ABSOLUTE
    ..\..\Libraries\STM32F10x_StdPeriph_Driver\src\stm32f10x_cec.c 0x00000000   Number         0  stm32f10x_cec.o ABSOLUTE
    ..\..\Libraries\STM32F10x_StdPeriph_Driver\src\stm32f10x_crc.c 0x00000000   Number         0  stm32f10x_crc.o ABSOLUTE
    ..\..\Libraries\STM32F10x_StdPeriph_Driver\src\stm32f10x_dac.c 0x00000000   Number         0  stm32f10x_dac.o ABSOLUTE
    ..\..\Libraries\STM32F10x_StdPeriph_Driver\src\stm32f10x_dbgmcu.c 0x00000000   Number         0  stm32f10x_dbgmcu.o ABSOLUTE
    ..\..\Libraries\STM32F10x_StdPeriph_Driver\src\stm32f10x_dma.c 0x00000000   Number         0  stm32f10x_dma.o ABSOLUTE
    ..\..\Libraries\STM32F10x_StdPeriph_Driver\src\stm32f10x_exti.c 0x00000000   Number         0  stm32f10x_exti.o ABSOLUTE
    ..\..\Libraries\STM32F10x_StdPeriph_Driver\src\stm32f10x_flash.c 0x00000000   Number         0  stm32f10x_flash.o ABSOLUTE
    ..\..\Libraries\STM32F10x_StdPeriph_Driver\src\stm32f10x_gpio.c 0x00000000   Number         0  stm32f10x_gpio.o ABSOLUTE
    ..\..\Libraries\STM32F10x_StdPeriph_Driver\src\stm32f10x_i2c.c 0x00000000   Number         0  stm32f10x_i2c.o ABSOLUTE
    ..\..\Libraries\STM32F10x_StdPeriph_Driver\src\stm32f10x_iwdg.c 0x00000000   Number         0  stm32f10x_iwdg.o ABSOLUTE
    ..\..\Libraries\STM32F10x_StdPeriph_Driver\src\stm32f10x_pwr.c 0x00000000   Number         0  stm32f10x_pwr.o ABSOLUTE
    ..\..\Libraries\STM32F10x_StdPeriph_Driver\src\stm32f10x_rcc.c 0x00000000   Number         0  stm32f10x_rcc.o ABSOLUTE
    ..\..\Libraries\STM32F10x_StdPeriph_Driver\src\stm32f10x_rtc.c 0x00000000   Number         0  stm32f10x_rtc.o ABSOLUTE
    ..\..\Libraries\STM32F10x_StdPeriph_Driver\src\stm32f10x_tim.c 0x00000000   Number         0  stm32f10x_tim.o ABSOLUTE
    ..\..\Libraries\STM32F10x_StdPeriph_Driver\src\stm32f10x_usart.c 0x00000000   Number         0  stm32f10x_usart.o ABSOLUTE
    ..\..\SYSTEM\ADC\ADC.c                   0x00000000   Number         0  adc.o ABSOLUTE
    ..\..\SYSTEM\PWM\pwm.c                   0x00000000   Number         0  pwm.o ABSOLUTE
    ..\..\SYSTEM\TIMER\timer.c               0x00000000   Number         0  timer.o ABSOLUTE
    ..\..\SYSTEM\delay\delay.c               0x00000000   Number         0  delay.o ABSOLUTE
    ..\..\SYSTEM\sys\sys.c                   0x00000000   Number         0  sys.o ABSOLUTE
    ..\..\SYSTEM\usart\usart.c               0x00000000   Number         0  usart.o ABSOLUTE
    ..\..\Utils\common.c                     0x00000000   Number         0  common.o ABSOLUTE
    ..\..\Utils\dataPointTools.c             0x00000000   Number         0  datapointtools.o ABSOLUTE
    ..\..\Utils\ringbuffer.c                 0x00000000   Number         0  ringbuffer.o ABSOLUTE
    ..\SysApp\AppParam.c                     0x00000000   Number         0  appparam.o ABSOLUTE
    ..\SysApp\AppSys.c                       0x00000000   Number         0  appsys.o ABSOLUTE
    ..\\..\\Libraries\\CMSIS\\CM3\\CoreSupport\\core_cm3.c 0x00000000   Number         0  core_cm3.o ABSOLUTE
    ..\main.c                                0x00000000   Number         0  main.o ABSOLUTE
    ..\stm32f10x_it.c                        0x00000000   Number         0  stm32f10x_it.o ABSOLUTE
    dc.s                                     0x00000000   Number         0  dc.o ABSOLUTE
    handlers.s                               0x00000000   Number         0  handlers.o ABSOLUTE
    init.s                                   0x00000000   Number         0  init.o ABSOLUTE
    RESET                                    0x08000000   Section      236  startup_stm32f10x_md.o(RESET)
    .ARM.Collect$$$$00000000                 0x080000ec   Section        0  entry.o(.ARM.Collect$$$$00000000)
    .ARM.Collect$$$$00000001                 0x080000ec   Section        4  entry2.o(.ARM.Collect$$$$00000001)
    .ARM.Collect$$$$00000004                 0x080000f0   Section        4  entry5.o(.ARM.Collect$$$$00000004)
    .ARM.Collect$$$$00000008                 0x080000f4   Section        0  entry7b.o(.ARM.Collect$$$$00000008)
    .ARM.Collect$$$$0000000A                 0x080000f4   Section        0  entry8b.o(.ARM.Collect$$$$0000000A)
    .ARM.Collect$$$$0000000B                 0x080000f4   Section        8  entry9a.o(.ARM.Collect$$$$0000000B)
    .ARM.Collect$$$$0000000D                 0x080000fc   Section        0  entry10a.o(.ARM.Collect$$$$0000000D)
    .ARM.Collect$$$$0000000F                 0x080000fc   Section        0  entry11a.o(.ARM.Collect$$$$0000000F)
    .ARM.Collect$$$$00002712                 0x080000fc   Section        4  entry2.o(.ARM.Collect$$$$00002712)
    __lit__00000000                          0x080000fc   Data           4  entry2.o(.ARM.Collect$$$$00002712)
    .text                                    0x08000100   Section       36  startup_stm32f10x_md.o(.text)
    .text                                    0x08000124   Section        0  misc.o(.text)
    .text                                    0x08000200   Section        0  stm32f10x_adc.o(.text)
    .text                                    0x08000650   Section        0  stm32f10x_dma.o(.text)
    .text                                    0x080008a4   Section        0  stm32f10x_flash.o(.text)
    .text                                    0x08000e60   Section        0  stm32f10x_gpio.o(.text)
    .text                                    0x080011bc   Section        0  stm32f10x_rcc.o(.text)
    .text                                    0x08001560   Section        0  stm32f10x_tim.o(.text)
    TI4_Config                               0x08001a07   Thumb Code   130  stm32f10x_tim.o(.text)
    TI3_Config                               0x08001a9b   Thumb Code   122  stm32f10x_tim.o(.text)
    TI2_Config                               0x08001b2f   Thumb Code   130  stm32f10x_tim.o(.text)
    TI1_Config                               0x08001bc3   Thumb Code   108  stm32f10x_tim.o(.text)
    .text                                    0x0800237c   Section        0  stm32f10x_usart.o(.text)
    .text                                    0x08002784   Section        0  system_stm32f10x.o(.text)
    SetSysClockTo72                          0x08002785   Thumb Code   214  system_stm32f10x.o(.text)
    SetSysClock                              0x0800285b   Thumb Code     8  system_stm32f10x.o(.text)
    .text                                    0x08002964   Section        0  main.o(.text)
    NVIC_Configuration                       0x080029bf   Thumb Code    12  main.o(.text)
    .text                                    0x080029f0   Section        0  stm32f10x_it.o(.text)
    .text                                    0x08002a0c   Section        0  appsys.o(.text)
    GizwitsDataEventHandle                   0x08002aa7   Thumb Code     6  appsys.o(.text)
    KeyEventHandle                           0x08002aad   Thumb Code    18  appsys.o(.text)
    Sys_timer_handle                         0x08002abf   Thumb Code   154  appsys.o(.text)
    drv_Sensor_Handle                        0x08002b81   Thumb Code     2  appsys.o(.text)
    .text                                    0x08002d90   Section        0  bsp_dht11.o(.text)
    DHT11_GPIO_Config                        0x08002d91   Thumb Code    40  bsp_dht11.o(.text)
    DHT11_Mode_IPU                           0x08002dcb   Thumb Code    26  bsp_dht11.o(.text)
    DHT11_Mode_Out_PP                        0x08002de5   Thumb Code    32  bsp_dht11.o(.text)
    DHT11_ReadByte                           0x08002e05   Thumb Code    96  bsp_dht11.o(.text)
    .text                                    0x08002f3c   Section        0  led.o(.text)
    .text                                    0x08002fd8   Section        0  snr1806.o(.text)
    .text                                    0x08003054   Section        0  uln2003.o(.text)
    .text                                    0x080035f0   Section        0  oled.o(.text)
    .text                                    0x08003c0c   Section        0  delay.o(.text)
    .text                                    0x08003ce0   Section        0  usart.o(.text)
    .text                                    0x08004084   Section        0  timer.o(.text)
    .text                                    0x08004404   Section        0  adc.o(.text)
    .text                                    0x080045b8   Section        0  gizwits_product.o(.text)
    .text                                    0x080046fc   Section        0  gizwits_protocol.o(.text)
    gizProtocolHeadInit                      0x08004725   Thumb Code    26  gizwits_protocol.o(.text)
    gizProtocolWaitAck                       0x0800473f   Thumb Code    64  gizwits_protocol.o(.text)
    gizDataPoint2Event                       0x080047b1   Thumb Code   156  gizwits_protocol.o(.text)
    gizCheckReport                           0x0800484d   Thumb Code   210  gizwits_protocol.o(.text)
    gizDataPoints2ReportData                 0x0800491f   Thumb Code   266  gizwits_protocol.o(.text)
    gizProtocolIssuedProcess                 0x08004a29   Thumb Code   244  gizwits_protocol.o(.text)
    gizProtocolIssuedDataAck                 0x08004b1d   Thumb Code   202  gizwits_protocol.o(.text)
    gizReportData                            0x08004be7   Thumb Code   160  gizwits_protocol.o(.text)
    gizDevReportPolicy                       0x08004c87   Thumb Code   166  gizwits_protocol.o(.text)
    gizProtocolGetOnePacket                  0x08004d2d   Thumb Code   352  gizwits_protocol.o(.text)
    gizProtocolResendData                    0x08004e8d   Thumb Code    42  gizwits_protocol.o(.text)
    gizProtocolWaitAckCheck                  0x08004eb7   Thumb Code    40  gizwits_protocol.o(.text)
    gizProtocolCommonAck                     0x08004edf   Thumb Code    68  gizwits_protocol.o(.text)
    gizProtocolAckHandle                     0x08004f23   Thumb Code    70  gizwits_protocol.o(.text)
    gizProtocolGetDeviceInfo                 0x08004f69   Thumb Code   312  gizwits_protocol.o(.text)
    gizProtocolErrorCmd                      0x080050a1   Thumb Code    72  gizwits_protocol.o(.text)
    gizProtocolNTP                           0x080050e9   Thumb Code   106  gizwits_protocol.o(.text)
    gizProtocolReboot                        0x08005153   Thumb Code    28  gizwits_protocol.o(.text)
    gizProtocolModuleStatus                  0x0800516f   Thumb Code   768  gizwits_protocol.o(.text)
    gizProtocolModuleInfoHandle              0x0800574f   Thumb Code    62  gizwits_protocol.o(.text)
    .text                                    0x08005a14   Section        0  common.o(.text)
    isleap                                   0x08005ba5   Thumb Code    52  common.o(.text)
    get_yeardays                             0x08005bd9   Thumb Code    24  common.o(.text)
    .text                                    0x08005dac   Section        0  datapointtools.o(.text)
    .text                                    0x080060f8   Section        0  ringbuffer.o(.text)
    .text                                    0x080062c6   Section        0  user_common.o(.text)
    .text                                    0x08006316   Section        0  toupper.o(.text)
    .text                                    0x08006322   Section        0  memcpya.o(.text)
    .text                                    0x08006346   Section        0  memseta.o(.text)
    .text                                    0x0800636a   Section        0  strlen.o(.text)
    .text                                    0x08006378   Section        0  strcmp.o(.text)
    .text                                    0x08006394   Section        0  fadd.o(.text)
    .text                                    0x08006444   Section        0  fmul.o(.text)
    .text                                    0x080064a8   Section        0  fdiv.o(.text)
    .text                                    0x08006524   Section        0  dmul.o(.text)
    .text                                    0x08006608   Section        0  ffltui.o(.text)
    .text                                    0x08006612   Section        0  ffixui.o(.text)
    .text                                    0x0800663a   Section        0  f2d.o(.text)
    .text                                    0x08006660   Section        0  d2f.o(.text)
    .text                                    0x08006698   Section        0  fepilogue.o(.text)
    .text                                    0x08006698   Section        0  iusefp.o(.text)
    .text                                    0x08006706   Section        0  depilogue.o(.text)
    .text                                    0x080067c0   Section       36  init.o(.text)
    .text                                    0x080067e4   Section        0  llshl.o(.text)
    .text                                    0x08006802   Section        0  llushr.o(.text)
    .text                                    0x08006822   Section        0  __dczerorl2.o(.text)
    i.__scatterload_copy                     0x08006878   Section       14  handlers.o(i.__scatterload_copy)
    i.__scatterload_null                     0x08006886   Section        2  handlers.o(i.__scatterload_null)
    i.__scatterload_zeroinit                 0x08006888   Section       14  handlers.o(i.__scatterload_zeroinit)
    i.free                                   0x08006898   Section        0  malloc.o(i.free)
    .constdata                               0x080068e8   Section     2072  oled.o(.constdata)
    .constdata                               0x08007100   Section       48  common.o(.constdata)
    .conststring                             0x08007130   Section       93  appsys.o(.conststring)
    .conststring                             0x08007190   Section       75  oled.o(.conststring)
    .data                                    0x20000000   Section       20  stm32f10x_rcc.o(.data)
    APBAHBPrescTable                         0x20000000   Data          16  stm32f10x_rcc.o(.data)
    ADCPrescTable                            0x20000010   Data           4  stm32f10x_rcc.o(.data)
    .data                                    0x20000014   Section       20  system_stm32f10x.o(.data)
    .data                                    0x20000028   Section      136  appparam.o(.data)
    .data                                    0x200000b0   Section       88  appsys.o(.data)
    u32SysTick                               0x200000b0   Data           4  appsys.o(.data)
    warnLed_tick                             0x20000104   Data           4  appsys.o(.data)
    .data                                    0x20000108   Section       16  snr1806.o(.data)
    .data                                    0x20000118   Section        1  uln2003.o(.data)
    i                                        0x20000118   Data           1  uln2003.o(.data)
    .data                                    0x2000011c   Section     1946  oled.o(.data)
    .data                                    0x200008b6   Section        4  delay.o(.data)
    fac_us                                   0x200008b6   Data           1  delay.o(.data)
    fac_ms                                   0x200008b8   Data           2  delay.o(.data)
    .data                                    0x200008ba   Section        6  usart.o(.data)
    u16_index                                0x200008ba   Data           2  usart.o(.data)
    u16_index                                0x200008bc   Data           2  usart.o(.data)
    u16_index                                0x200008be   Data           2  usart.o(.data)
    .data                                    0x200008c0   Section        4  adc.o(.data)
    .data                                    0x200008c4   Section       12  gizwits_product.o(.data)
    timerMsCount                             0x200008c4   Data           4  gizwits_product.o(.data)
    .data                                    0x200008d0   Section       16  gizwits_protocol.o(.data)
    lastReportTime                           0x200008d0   Data           4  gizwits_protocol.o(.data)
    lastRepTime                              0x200008d4   Data           4  gizwits_protocol.o(.data)
    protocolFlag                             0x200008d8   Data           1  gizwits_protocol.o(.data)
    protocolCount                            0x200008da   Data           2  gizwits_protocol.o(.data)
    lastData                                 0x200008dc   Data           1  gizwits_protocol.o(.data)
    debugCount                               0x200008dd   Data           1  gizwits_protocol.o(.data)
    lastStatus                               0x200008de   Data           2  gizwits_protocol.o(.data)
    .data                                    0x200008e0   Section        4  mvars.o(.data)
    .bss                                     0x200008e4   Section      198  appparam.o(.bss)
    .bss                                     0x200009aa   Section       30  snr1806.o(.bss)
    gRevDataBuf                              0x200009aa   Data          30  snr1806.o(.bss)
    .bss                                     0x200009c8   Section       20  uln2003.o(.bss)
    .bss                                     0x200009dc   Section      112  usart.o(.bss)
    .bss                                     0x20000a4c   Section      172  timer.o(.bss)
    sg_tTIME_Handle                          0x20000a4c   Data         172  timer.o(.bss)
    .bss                                     0x20000af8   Section       10  gizwits_product.o(.bss)
    .bss                                     0x20000b02   Section      344  gizwits_protocol.o(.bss)
    rbBuf                                    0x20000c2a   Data          48  gizwits_protocol.o(.bss)
    STACK                                    0x20000c60   Section     1024  startup_stm32f10x_md.o(STACK)

    Global Symbols

    Symbol Name                              Value     Ov Type        Size  Object(Section)

    BuildAttributes$$THM_ISAv4$P$D$K$B$S$PE$A:L22UL41UL21$X:L11$S22US41US21$IEEE1$IW$USESV6$~STKCKD$USESV7$~SHL$OTIME$ROPI$EBA8$MICROLIB$REQ8$PRES8$EABIv2 0x00000000   Number         0  anon$$obj.o ABSOLUTE
    __ARM_use_no_argv                        0x00000000   Number         0  main.o ABSOLUTE
    __cpp_initialize__aeabi_                  - Undefined Weak Reference
    __cxa_finalize                            - Undefined Weak Reference
    _clock_init                               - Undefined Weak Reference
    _microlib_exit                            - Undefined Weak Reference
    __Vectors_Size                           0x000000ec   Number         0  startup_stm32f10x_md.o ABSOLUTE
    __Vectors                                0x08000000   Data           4  startup_stm32f10x_md.o(RESET)
    __Vectors_End                            0x080000ec   Data           0  startup_stm32f10x_md.o(RESET)
    __main                                   0x080000ed   Thumb Code     0  entry.o(.ARM.Collect$$$$00000000)
    _main_stk                                0x080000ed   Thumb Code     0  entry2.o(.ARM.Collect$$$$00000001)
    _main_scatterload                        0x080000f1   Thumb Code     0  entry5.o(.ARM.Collect$$$$00000004)
    __main_after_scatterload                 0x080000f5   Thumb Code     0  entry5.o(.ARM.Collect$$$$00000004)
    _main_clock                              0x080000f5   Thumb Code     0  entry7b.o(.ARM.Collect$$$$00000008)
    _main_cpp_init                           0x080000f5   Thumb Code     0  entry8b.o(.ARM.Collect$$$$0000000A)
    _main_init                               0x080000f5   Thumb Code     0  entry9a.o(.ARM.Collect$$$$0000000B)
    __rt_final_cpp                           0x080000fd   Thumb Code     0  entry10a.o(.ARM.Collect$$$$0000000D)
    __rt_final_exit                          0x080000fd   Thumb Code     0  entry11a.o(.ARM.Collect$$$$0000000F)
    Reset_Handler                            0x08000101   Thumb Code     8  startup_stm32f10x_md.o(.text)
    CAN1_RX1_IRQHandler                      0x0800011b   Thumb Code     0  startup_stm32f10x_md.o(.text)
    CAN1_SCE_IRQHandler                      0x0800011b   Thumb Code     0  startup_stm32f10x_md.o(.text)
    DMA1_Channel1_IRQHandler                 0x0800011b   Thumb Code     0  startup_stm32f10x_md.o(.text)
    DMA1_Channel2_IRQHandler                 0x0800011b   Thumb Code     0  startup_stm32f10x_md.o(.text)
    DMA1_Channel3_IRQHandler                 0x0800011b   Thumb Code     0  startup_stm32f10x_md.o(.text)
    DMA1_Channel4_IRQHandler                 0x0800011b   Thumb Code     0  startup_stm32f10x_md.o(.text)
    DMA1_Channel5_IRQHandler                 0x0800011b   Thumb Code     0  startup_stm32f10x_md.o(.text)
    DMA1_Channel6_IRQHandler                 0x0800011b   Thumb Code     0  startup_stm32f10x_md.o(.text)
    DMA1_Channel7_IRQHandler                 0x0800011b   Thumb Code     0  startup_stm32f10x_md.o(.text)
    EXTI0_IRQHandler                         0x0800011b   Thumb Code     0  startup_stm32f10x_md.o(.text)
    EXTI15_10_IRQHandler                     0x0800011b   Thumb Code     0  startup_stm32f10x_md.o(.text)
    EXTI1_IRQHandler                         0x0800011b   Thumb Code     0  startup_stm32f10x_md.o(.text)
    EXTI2_IRQHandler                         0x0800011b   Thumb Code     0  startup_stm32f10x_md.o(.text)
    EXTI3_IRQHandler                         0x0800011b   Thumb Code     0  startup_stm32f10x_md.o(.text)
    EXTI4_IRQHandler                         0x0800011b   Thumb Code     0  startup_stm32f10x_md.o(.text)
    EXTI9_5_IRQHandler                       0x0800011b   Thumb Code     0  startup_stm32f10x_md.o(.text)
    FLASH_IRQHandler                         0x0800011b   Thumb Code     0  startup_stm32f10x_md.o(.text)
    I2C1_ER_IRQHandler                       0x0800011b   Thumb Code     0  startup_stm32f10x_md.o(.text)
    I2C1_EV_IRQHandler                       0x0800011b   Thumb Code     0  startup_stm32f10x_md.o(.text)
    I2C2_ER_IRQHandler                       0x0800011b   Thumb Code     0  startup_stm32f10x_md.o(.text)
    I2C2_EV_IRQHandler                       0x0800011b   Thumb Code     0  startup_stm32f10x_md.o(.text)
    PVD_IRQHandler                           0x0800011b   Thumb Code     0  startup_stm32f10x_md.o(.text)
    RCC_IRQHandler                           0x0800011b   Thumb Code     0  startup_stm32f10x_md.o(.text)
    RTCAlarm_IRQHandler                      0x0800011b   Thumb Code     0  startup_stm32f10x_md.o(.text)
    RTC_IRQHandler                           0x0800011b   Thumb Code     0  startup_stm32f10x_md.o(.text)
    SPI1_IRQHandler                          0x0800011b   Thumb Code     0  startup_stm32f10x_md.o(.text)
    SPI2_IRQHandler                          0x0800011b   Thumb Code     0  startup_stm32f10x_md.o(.text)
    TAMPER_IRQHandler                        0x0800011b   Thumb Code     0  startup_stm32f10x_md.o(.text)
    TIM1_BRK_IRQHandler                      0x0800011b   Thumb Code     0  startup_stm32f10x_md.o(.text)
    TIM1_CC_IRQHandler                       0x0800011b   Thumb Code     0  startup_stm32f10x_md.o(.text)
    TIM1_TRG_COM_IRQHandler                  0x0800011b   Thumb Code     0  startup_stm32f10x_md.o(.text)
    TIM1_UP_IRQHandler                       0x0800011b   Thumb Code     0  startup_stm32f10x_md.o(.text)
    USBWakeUp_IRQHandler                     0x0800011b   Thumb Code     0  startup_stm32f10x_md.o(.text)
    USB_HP_CAN1_TX_IRQHandler                0x0800011b   Thumb Code     0  startup_stm32f10x_md.o(.text)
    USB_LP_CAN1_RX0_IRQHandler               0x0800011b   Thumb Code     0  startup_stm32f10x_md.o(.text)
    WWDG_IRQHandler                          0x0800011b   Thumb Code     0  startup_stm32f10x_md.o(.text)
    NVIC_PriorityGroupConfig                 0x08000125   Thumb Code    10  misc.o(.text)
    NVIC_Init                                0x0800012f   Thumb Code   100  misc.o(.text)
    NVIC_SetVectorTable                      0x08000193   Thumb Code    14  misc.o(.text)
    NVIC_SystemLPConfig                      0x080001a1   Thumb Code    34  misc.o(.text)
    SysTick_CLKSourceConfig                  0x080001c3   Thumb Code    40  misc.o(.text)
    ADC_DeInit                               0x08000201   Thumb Code    78  stm32f10x_adc.o(.text)
    ADC_Init                                 0x0800024f   Thumb Code    70  stm32f10x_adc.o(.text)
    ADC_StructInit                           0x08000295   Thumb Code    18  stm32f10x_adc.o(.text)
    ADC_Cmd                                  0x080002a7   Thumb Code    22  stm32f10x_adc.o(.text)
    ADC_DMACmd                               0x080002bd   Thumb Code    22  stm32f10x_adc.o(.text)
    ADC_ITConfig                             0x080002d3   Thumb Code    24  stm32f10x_adc.o(.text)
    ADC_ResetCalibration                     0x080002eb   Thumb Code    10  stm32f10x_adc.o(.text)
    ADC_GetResetCalibrationStatus            0x080002f5   Thumb Code    20  stm32f10x_adc.o(.text)
    ADC_StartCalibration                     0x08000309   Thumb Code    10  stm32f10x_adc.o(.text)
    ADC_GetCalibrationStatus                 0x08000313   Thumb Code    20  stm32f10x_adc.o(.text)
    ADC_SoftwareStartConvCmd                 0x08000327   Thumb Code    22  stm32f10x_adc.o(.text)
    ADC_GetSoftwareStartConvStatus           0x0800033d   Thumb Code    20  stm32f10x_adc.o(.text)
    ADC_DiscModeChannelCountConfig           0x08000351   Thumb Code    24  stm32f10x_adc.o(.text)
    ADC_DiscModeCmd                          0x08000369   Thumb Code    22  stm32f10x_adc.o(.text)
    ADC_RegularChannelConfig                 0x0800037f   Thumb Code   184  stm32f10x_adc.o(.text)
    ADC_ExternalTrigConvCmd                  0x08000437   Thumb Code    22  stm32f10x_adc.o(.text)
    ADC_GetConversionValue                   0x0800044d   Thumb Code     8  stm32f10x_adc.o(.text)
    ADC_GetDualModeConversionValue           0x08000455   Thumb Code     8  stm32f10x_adc.o(.text)
    ADC_AutoInjectedConvCmd                  0x0800045d   Thumb Code    22  stm32f10x_adc.o(.text)
    ADC_InjectedDiscModeCmd                  0x08000473   Thumb Code    22  stm32f10x_adc.o(.text)
    ADC_ExternalTrigInjectedConvConfig       0x08000489   Thumb Code    16  stm32f10x_adc.o(.text)
    ADC_ExternalTrigInjectedConvCmd          0x08000499   Thumb Code    22  stm32f10x_adc.o(.text)
    ADC_SoftwareStartInjectedConvCmd         0x080004af   Thumb Code    22  stm32f10x_adc.o(.text)
    ADC_GetSoftwareStartInjectedConvCmdStatus 0x080004c5   Thumb Code    20  stm32f10x_adc.o(.text)
    ADC_InjectedChannelConfig                0x080004d9   Thumb Code   130  stm32f10x_adc.o(.text)
    ADC_InjectedSequencerLengthConfig        0x0800055b   Thumb Code    24  stm32f10x_adc.o(.text)
    ADC_SetInjectedOffset                    0x08000573   Thumb Code    20  stm32f10x_adc.o(.text)
    ADC_GetInjectedConversionValue           0x08000587   Thumb Code    28  stm32f10x_adc.o(.text)
    ADC_AnalogWatchdogCmd                    0x080005a3   Thumb Code    16  stm32f10x_adc.o(.text)
    ADC_AnalogWatchdogThresholdsConfig       0x080005b3   Thumb Code     6  stm32f10x_adc.o(.text)
    ADC_AnalogWatchdogSingleChannelConfig    0x080005b9   Thumb Code    16  stm32f10x_adc.o(.text)
    ADC_TempSensorVrefintCmd                 0x080005c9   Thumb Code    64  stm32f10x_adc.o(.text)
    ADC_GetFlagStatus                        0x08000609   Thumb Code    18  stm32f10x_adc.o(.text)
    ADC_ClearFlag                            0x0800061b   Thumb Code     6  stm32f10x_adc.o(.text)
    ADC_GetITStatus                          0x08000621   Thumb Code    36  stm32f10x_adc.o(.text)
    ADC_ClearITPendingBit                    0x08000645   Thumb Code    10  stm32f10x_adc.o(.text)
    DMA_DeInit                               0x08000651   Thumb Code   324  stm32f10x_dma.o(.text)
    DMA_Init                                 0x08000795   Thumb Code    60  stm32f10x_dma.o(.text)
    DMA_StructInit                           0x080007d1   Thumb Code    26  stm32f10x_dma.o(.text)
    DMA_Cmd                                  0x080007eb   Thumb Code    24  stm32f10x_dma.o(.text)
    DMA_ITConfig                             0x08000803   Thumb Code    18  stm32f10x_dma.o(.text)
    DMA_SetCurrDataCounter                   0x08000815   Thumb Code     4  stm32f10x_dma.o(.text)
    DMA_GetCurrDataCounter                   0x08000819   Thumb Code     8  stm32f10x_dma.o(.text)
    DMA_GetFlagStatus                        0x08000821   Thumb Code    40  stm32f10x_dma.o(.text)
    DMA_ClearFlag                            0x08000849   Thumb Code    22  stm32f10x_dma.o(.text)
    DMA_GetITStatus                          0x0800085f   Thumb Code    40  stm32f10x_dma.o(.text)
    DMA_ClearITPendingBit                    0x08000887   Thumb Code    22  stm32f10x_dma.o(.text)
    FLASH_SetLatency                         0x080008a5   Thumb Code    18  stm32f10x_flash.o(.text)
    FLASH_HalfCycleAccessCmd                 0x080008b7   Thumb Code    22  stm32f10x_flash.o(.text)
    FLASH_PrefetchBufferCmd                  0x080008cd   Thumb Code    22  stm32f10x_flash.o(.text)
    FLASH_Unlock                             0x080008e3   Thumb Code    12  stm32f10x_flash.o(.text)
    FLASH_UnlockBank1                        0x080008ef   Thumb Code    12  stm32f10x_flash.o(.text)
    FLASH_Lock                               0x080008fb   Thumb Code    14  stm32f10x_flash.o(.text)
    FLASH_LockBank1                          0x08000909   Thumb Code    14  stm32f10x_flash.o(.text)
    FLASH_GetBank1Status                     0x08000917   Thumb Code    48  stm32f10x_flash.o(.text)
    FLASH_WaitForLastOperation               0x08000947   Thumb Code    38  stm32f10x_flash.o(.text)
    FLASH_ErasePage                          0x0800096d   Thumb Code    72  stm32f10x_flash.o(.text)
    FLASH_EraseAllPages                      0x080009b5   Thumb Code    68  stm32f10x_flash.o(.text)
    FLASH_WaitForLastBank1Operation          0x080009f9   Thumb Code    38  stm32f10x_flash.o(.text)
    FLASH_EraseAllBank1Pages                 0x08000a1f   Thumb Code    68  stm32f10x_flash.o(.text)
    FLASH_GetReadOutProtectionStatus         0x08000a63   Thumb Code    20  stm32f10x_flash.o(.text)
    FLASH_EraseOptionBytes                   0x08000a77   Thumb Code   150  stm32f10x_flash.o(.text)
    FLASH_ProgramWord                        0x08000b0d   Thumb Code   102  stm32f10x_flash.o(.text)
    FLASH_ProgramHalfWord                    0x08000b73   Thumb Code    60  stm32f10x_flash.o(.text)
    FLASH_ProgramOptionByteData              0x08000baf   Thumb Code    72  stm32f10x_flash.o(.text)
    FLASH_EnableWriteProtection              0x08000bf7   Thumb Code   200  stm32f10x_flash.o(.text)
    FLASH_ReadOutProtection                  0x08000cbf   Thumb Code   156  stm32f10x_flash.o(.text)
    FLASH_UserOptionByteConfig               0x08000d5b   Thumb Code    88  stm32f10x_flash.o(.text)
    FLASH_GetUserOptionByte                  0x08000db3   Thumb Code     8  stm32f10x_flash.o(.text)
    FLASH_GetWriteProtectionOptionByte       0x08000dbb   Thumb Code     6  stm32f10x_flash.o(.text)
    FLASH_GetPrefetchBufferStatus            0x08000dc1   Thumb Code    20  stm32f10x_flash.o(.text)
    FLASH_ITConfig                           0x08000dd5   Thumb Code    26  stm32f10x_flash.o(.text)
    FLASH_GetFlagStatus                      0x08000def   Thumb Code    42  stm32f10x_flash.o(.text)
    FLASH_ClearFlag                          0x08000e19   Thumb Code     6  stm32f10x_flash.o(.text)
    FLASH_GetStatus                          0x08000e1f   Thumb Code    48  stm32f10x_flash.o(.text)
    GPIO_DeInit                              0x08000e61   Thumb Code   172  stm32f10x_gpio.o(.text)
    GPIO_AFIODeInit                          0x08000f0d   Thumb Code    20  stm32f10x_gpio.o(.text)
    GPIO_Init                                0x08000f21   Thumb Code   278  stm32f10x_gpio.o(.text)
    GPIO_StructInit                          0x08001037   Thumb Code    16  stm32f10x_gpio.o(.text)
    GPIO_ReadInputDataBit                    0x08001047   Thumb Code    18  stm32f10x_gpio.o(.text)
    GPIO_ReadInputData                       0x08001059   Thumb Code     8  stm32f10x_gpio.o(.text)
    GPIO_ReadOutputDataBit                   0x08001061   Thumb Code    18  stm32f10x_gpio.o(.text)
    GPIO_ReadOutputData                      0x08001073   Thumb Code     8  stm32f10x_gpio.o(.text)
    GPIO_SetBits                             0x0800107b   Thumb Code     4  stm32f10x_gpio.o(.text)
    GPIO_ResetBits                           0x0800107f   Thumb Code     4  stm32f10x_gpio.o(.text)
    GPIO_WriteBit                            0x08001083   Thumb Code    10  stm32f10x_gpio.o(.text)
    GPIO_Write                               0x0800108d   Thumb Code     4  stm32f10x_gpio.o(.text)
    GPIO_PinLockConfig                       0x08001091   Thumb Code    18  stm32f10x_gpio.o(.text)
    GPIO_EventOutputConfig                   0x080010a3   Thumb Code    26  stm32f10x_gpio.o(.text)
    GPIO_EventOutputCmd                      0x080010bd   Thumb Code     6  stm32f10x_gpio.o(.text)
    GPIO_PinRemapConfig                      0x080010c3   Thumb Code   138  stm32f10x_gpio.o(.text)
    GPIO_EXTILineConfig                      0x0800114d   Thumb Code    66  stm32f10x_gpio.o(.text)
    GPIO_ETH_MediaInterfaceConfig            0x0800118f   Thumb Code     8  stm32f10x_gpio.o(.text)
    RCC_DeInit                               0x080011bd   Thumb Code    64  stm32f10x_rcc.o(.text)
    RCC_HSEConfig                            0x080011fd   Thumb Code    70  stm32f10x_rcc.o(.text)
    RCC_GetFlagStatus                        0x08001243   Thumb Code    56  stm32f10x_rcc.o(.text)
    RCC_WaitForHSEStartUp                    0x0800127b   Thumb Code    56  stm32f10x_rcc.o(.text)
    RCC_AdjustHSICalibrationValue            0x080012b3   Thumb Code    20  stm32f10x_rcc.o(.text)
    RCC_HSICmd                               0x080012c7   Thumb Code     6  stm32f10x_rcc.o(.text)
    RCC_PLLConfig                            0x080012cd   Thumb Code    24  stm32f10x_rcc.o(.text)
    RCC_PLLCmd                               0x080012e5   Thumb Code     6  stm32f10x_rcc.o(.text)
    RCC_SYSCLKConfig                         0x080012eb   Thumb Code    18  stm32f10x_rcc.o(.text)
    RCC_GetSYSCLKSource                      0x080012fd   Thumb Code    10  stm32f10x_rcc.o(.text)
    RCC_HCLKConfig                           0x08001307   Thumb Code    18  stm32f10x_rcc.o(.text)
    RCC_PCLK1Config                          0x08001319   Thumb Code    18  stm32f10x_rcc.o(.text)
    RCC_PCLK2Config                          0x0800132b   Thumb Code    20  stm32f10x_rcc.o(.text)
    RCC_ITConfig                             0x0800133f   Thumb Code    26  stm32f10x_rcc.o(.text)
    RCC_USBCLKConfig                         0x08001359   Thumb Code     8  stm32f10x_rcc.o(.text)
    RCC_ADCCLKConfig                         0x08001361   Thumb Code    18  stm32f10x_rcc.o(.text)
    RCC_LSEConfig                            0x08001373   Thumb Code    50  stm32f10x_rcc.o(.text)
    RCC_LSICmd                               0x080013a5   Thumb Code     6  stm32f10x_rcc.o(.text)
    RCC_RTCCLKConfig                         0x080013ab   Thumb Code    12  stm32f10x_rcc.o(.text)
    RCC_RTCCLKCmd                            0x080013b7   Thumb Code     8  stm32f10x_rcc.o(.text)
    RCC_GetClocksFreq                        0x080013bf   Thumb Code   192  stm32f10x_rcc.o(.text)
    RCC_AHBPeriphClockCmd                    0x0800147f   Thumb Code    26  stm32f10x_rcc.o(.text)
    RCC_APB2PeriphClockCmd                   0x08001499   Thumb Code    26  stm32f10x_rcc.o(.text)
    RCC_APB1PeriphClockCmd                   0x080014b3   Thumb Code    26  stm32f10x_rcc.o(.text)
    RCC_APB2PeriphResetCmd                   0x080014cd   Thumb Code    26  stm32f10x_rcc.o(.text)
    RCC_APB1PeriphResetCmd                   0x080014e7   Thumb Code    26  stm32f10x_rcc.o(.text)
    RCC_BackupResetCmd                       0x08001501   Thumb Code     8  stm32f10x_rcc.o(.text)
    RCC_ClockSecuritySystemCmd               0x08001509   Thumb Code     6  stm32f10x_rcc.o(.text)
    RCC_MCOConfig                            0x0800150f   Thumb Code     6  stm32f10x_rcc.o(.text)
    RCC_ClearFlag                            0x08001515   Thumb Code    14  stm32f10x_rcc.o(.text)
    RCC_GetITStatus                          0x08001523   Thumb Code    20  stm32f10x_rcc.o(.text)
    RCC_ClearITPendingBit                    0x08001537   Thumb Code     6  stm32f10x_rcc.o(.text)
    TIM_DeInit                               0x08001561   Thumb Code   424  stm32f10x_tim.o(.text)
    TIM_TimeBaseInit                         0x08001709   Thumb Code   122  stm32f10x_tim.o(.text)
    TIM_OC1Init                              0x08001783   Thumb Code   132  stm32f10x_tim.o(.text)
    TIM_OC2Init                              0x08001807   Thumb Code   154  stm32f10x_tim.o(.text)
    TIM_OC3Init                              0x080018a1   Thumb Code   150  stm32f10x_tim.o(.text)
    TIM_OC4Init                              0x08001937   Thumb Code   182  stm32f10x_tim.o(.text)
    TIM_SetIC4Prescaler                      0x080019ed   Thumb Code    26  stm32f10x_tim.o(.text)
    TIM_SetIC3Prescaler                      0x08001a89   Thumb Code    18  stm32f10x_tim.o(.text)
    TIM_SetIC2Prescaler                      0x08001b15   Thumb Code    26  stm32f10x_tim.o(.text)
    TIM_SetIC1Prescaler                      0x08001bb1   Thumb Code    18  stm32f10x_tim.o(.text)
    TIM_ICInit                               0x08001c2f   Thumb Code   150  stm32f10x_tim.o(.text)
    TIM_PWMIConfig                           0x08001cc5   Thumb Code   124  stm32f10x_tim.o(.text)
    TIM_BDTRConfig                           0x08001d41   Thumb Code    32  stm32f10x_tim.o(.text)
    TIM_TimeBaseStructInit                   0x08001d61   Thumb Code    18  stm32f10x_tim.o(.text)
    TIM_OCStructInit                         0x08001d73   Thumb Code    20  stm32f10x_tim.o(.text)
    TIM_ICStructInit                         0x08001d87   Thumb Code    18  stm32f10x_tim.o(.text)
    TIM_BDTRStructInit                       0x08001d99   Thumb Code    40  stm32f10x_tim.o(.text)
    TIM_Cmd                                  0x08001dc1   Thumb Code    24  stm32f10x_tim.o(.text)
    TIM_CtrlPWMOutputs                       0x08001dd9   Thumb Code    30  stm32f10x_tim.o(.text)
    TIM_ITConfig                             0x08001df7   Thumb Code    18  stm32f10x_tim.o(.text)
    TIM_GenerateEvent                        0x08001e09   Thumb Code     4  stm32f10x_tim.o(.text)
    TIM_DMAConfig                            0x08001e0d   Thumb Code    10  stm32f10x_tim.o(.text)
    TIM_DMACmd                               0x08001e17   Thumb Code    18  stm32f10x_tim.o(.text)
    TIM_InternalClockConfig                  0x08001e29   Thumb Code    12  stm32f10x_tim.o(.text)
    TIM_SelectInputTrigger                   0x08001e35   Thumb Code    18  stm32f10x_tim.o(.text)
    TIM_ITRxExternalClockConfig              0x08001e47   Thumb Code    24  stm32f10x_tim.o(.text)
    TIM_TIxExternalClockConfig               0x08001e5f   Thumb Code    62  stm32f10x_tim.o(.text)
    TIM_ETRConfig                            0x08001e9d   Thumb Code    28  stm32f10x_tim.o(.text)
    TIM_ETRClockMode1Config                  0x08001eb9   Thumb Code    54  stm32f10x_tim.o(.text)
    TIM_ETRClockMode2Config                  0x08001eef   Thumb Code    32  stm32f10x_tim.o(.text)
    TIM_PrescalerConfig                      0x08001f0f   Thumb Code     6  stm32f10x_tim.o(.text)
    TIM_CounterModeConfig                    0x08001f15   Thumb Code    18  stm32f10x_tim.o(.text)
    TIM_EncoderInterfaceConfig               0x08001f27   Thumb Code    66  stm32f10x_tim.o(.text)
    TIM_ForcedOC1Config                      0x08001f69   Thumb Code    18  stm32f10x_tim.o(.text)
    TIM_ForcedOC2Config                      0x08001f7b   Thumb Code    26  stm32f10x_tim.o(.text)
    TIM_ForcedOC3Config                      0x08001f95   Thumb Code    18  stm32f10x_tim.o(.text)
    TIM_ForcedOC4Config                      0x08001fa7   Thumb Code    26  stm32f10x_tim.o(.text)
    TIM_ARRPreloadConfig                     0x08001fc1   Thumb Code    24  stm32f10x_tim.o(.text)
    TIM_SelectCOM                            0x08001fd9   Thumb Code    24  stm32f10x_tim.o(.text)
    TIM_SelectCCDMA                          0x08001ff1   Thumb Code    24  stm32f10x_tim.o(.text)
    TIM_CCPreloadControl                     0x08002009   Thumb Code    24  stm32f10x_tim.o(.text)
    TIM_OC1PreloadConfig                     0x08002021   Thumb Code    18  stm32f10x_tim.o(.text)
    TIM_OC2PreloadConfig                     0x08002033   Thumb Code    26  stm32f10x_tim.o(.text)
    TIM_OC3PreloadConfig                     0x0800204d   Thumb Code    18  stm32f10x_tim.o(.text)
    TIM_OC4PreloadConfig                     0x0800205f   Thumb Code    26  stm32f10x_tim.o(.text)
    TIM_OC1FastConfig                        0x08002079   Thumb Code    18  stm32f10x_tim.o(.text)
    TIM_OC2FastConfig                        0x0800208b   Thumb Code    26  stm32f10x_tim.o(.text)
    TIM_OC3FastConfig                        0x080020a5   Thumb Code    18  stm32f10x_tim.o(.text)
    TIM_OC4FastConfig                        0x080020b7   Thumb Code    26  stm32f10x_tim.o(.text)
    TIM_ClearOC1Ref                          0x080020d1   Thumb Code    18  stm32f10x_tim.o(.text)
    TIM_ClearOC2Ref                          0x080020e3   Thumb Code    24  stm32f10x_tim.o(.text)
    TIM_ClearOC3Ref                          0x080020fb   Thumb Code    18  stm32f10x_tim.o(.text)
    TIM_ClearOC4Ref                          0x0800210d   Thumb Code    24  stm32f10x_tim.o(.text)
    TIM_OC1PolarityConfig                    0x08002125   Thumb Code    18  stm32f10x_tim.o(.text)
    TIM_OC1NPolarityConfig                   0x08002137   Thumb Code    18  stm32f10x_tim.o(.text)
    TIM_OC2PolarityConfig                    0x08002149   Thumb Code    26  stm32f10x_tim.o(.text)
    TIM_OC2NPolarityConfig                   0x08002163   Thumb Code    26  stm32f10x_tim.o(.text)
    TIM_OC3PolarityConfig                    0x0800217d   Thumb Code    26  stm32f10x_tim.o(.text)
    TIM_OC3NPolarityConfig                   0x08002197   Thumb Code    26  stm32f10x_tim.o(.text)
    TIM_OC4PolarityConfig                    0x080021b1   Thumb Code    26  stm32f10x_tim.o(.text)
    TIM_CCxCmd                               0x080021cb   Thumb Code    30  stm32f10x_tim.o(.text)
    TIM_CCxNCmd                              0x080021e9   Thumb Code    30  stm32f10x_tim.o(.text)
    TIM_SelectOCxM                           0x08002207   Thumb Code    82  stm32f10x_tim.o(.text)
    TIM_UpdateDisableConfig                  0x08002259   Thumb Code    24  stm32f10x_tim.o(.text)
    TIM_UpdateRequestConfig                  0x08002271   Thumb Code    24  stm32f10x_tim.o(.text)
    TIM_SelectHallSensor                     0x08002289   Thumb Code    24  stm32f10x_tim.o(.text)
    TIM_SelectOnePulseMode                   0x080022a1   Thumb Code    18  stm32f10x_tim.o(.text)
    TIM_SelectOutputTrigger                  0x080022b3   Thumb Code    18  stm32f10x_tim.o(.text)
    TIM_SelectSlaveMode                      0x080022c5   Thumb Code    18  stm32f10x_tim.o(.text)
    TIM_SelectMasterSlaveMode                0x080022d7   Thumb Code    18  stm32f10x_tim.o(.text)
    TIM_SetCounter                           0x080022e9   Thumb Code     4  stm32f10x_tim.o(.text)
    TIM_SetAutoreload                        0x080022ed   Thumb Code     4  stm32f10x_tim.o(.text)
    TIM_SetCompare1                          0x080022f1   Thumb Code     4  stm32f10x_tim.o(.text)
    TIM_SetCompare2                          0x080022f5   Thumb Code     4  stm32f10x_tim.o(.text)
    TIM_SetCompare3                          0x080022f9   Thumb Code     4  stm32f10x_tim.o(.text)
    TIM_SetCompare4                          0x080022fd   Thumb Code     6  stm32f10x_tim.o(.text)
    TIM_SetClockDivision                     0x08002303   Thumb Code    18  stm32f10x_tim.o(.text)
    TIM_GetCapture1                          0x08002315   Thumb Code     6  stm32f10x_tim.o(.text)
    TIM_GetCapture2                          0x0800231b   Thumb Code     6  stm32f10x_tim.o(.text)
    TIM_GetCapture3                          0x08002321   Thumb Code     6  stm32f10x_tim.o(.text)
    TIM_GetCapture4                          0x08002327   Thumb Code     8  stm32f10x_tim.o(.text)
    TIM_GetCounter                           0x0800232f   Thumb Code     6  stm32f10x_tim.o(.text)
    TIM_GetPrescaler                         0x08002335   Thumb Code     6  stm32f10x_tim.o(.text)
    TIM_GetFlagStatus                        0x0800233b   Thumb Code    18  stm32f10x_tim.o(.text)
    TIM_ClearFlag                            0x0800234d   Thumb Code     6  stm32f10x_tim.o(.text)
    TIM_GetITStatus                          0x08002353   Thumb Code    34  stm32f10x_tim.o(.text)
    TIM_ClearITPendingBit                    0x08002375   Thumb Code     6  stm32f10x_tim.o(.text)
    USART_DeInit                             0x0800237d   Thumb Code   134  stm32f10x_usart.o(.text)
    USART_Init                               0x08002403   Thumb Code   210  stm32f10x_usart.o(.text)
    USART_StructInit                         0x080024d5   Thumb Code    24  stm32f10x_usart.o(.text)
    USART_ClockInit                          0x080024ed   Thumb Code    34  stm32f10x_usart.o(.text)
    USART_ClockStructInit                    0x0800250f   Thumb Code    12  stm32f10x_usart.o(.text)
    USART_Cmd                                0x0800251b   Thumb Code    24  stm32f10x_usart.o(.text)
    USART_ITConfig                           0x08002533   Thumb Code    74  stm32f10x_usart.o(.text)
    USART_DMACmd                             0x0800257d   Thumb Code    18  stm32f10x_usart.o(.text)
    USART_SetAddress                         0x0800258f   Thumb Code    18  stm32f10x_usart.o(.text)
    USART_WakeUpConfig                       0x080025a1   Thumb Code    18  stm32f10x_usart.o(.text)
    USART_ReceiverWakeUpCmd                  0x080025b3   Thumb Code    24  stm32f10x_usart.o(.text)
    USART_LINBreakDetectLengthConfig         0x080025cb   Thumb Code    18  stm32f10x_usart.o(.text)
    USART_LINCmd                             0x080025dd   Thumb Code    24  stm32f10x_usart.o(.text)
    USART_SendData                           0x080025f5   Thumb Code     8  stm32f10x_usart.o(.text)
    USART_ReceiveData                        0x080025fd   Thumb Code    10  stm32f10x_usart.o(.text)
    USART_SendBreak                          0x08002607   Thumb Code    10  stm32f10x_usart.o(.text)
    USART_SetGuardTime                       0x08002611   Thumb Code    16  stm32f10x_usart.o(.text)
    USART_SetPrescaler                       0x08002621   Thumb Code    16  stm32f10x_usart.o(.text)
    USART_SmartCardCmd                       0x08002631   Thumb Code    24  stm32f10x_usart.o(.text)
    USART_SmartCardNACKCmd                   0x08002649   Thumb Code    24  stm32f10x_usart.o(.text)
    USART_HalfDuplexCmd                      0x08002661   Thumb Code    24  stm32f10x_usart.o(.text)
    USART_OverSampling8Cmd                   0x08002679   Thumb Code    22  stm32f10x_usart.o(.text)
    USART_OneBitMethodCmd                    0x0800268f   Thumb Code    24  stm32f10x_usart.o(.text)
    USART_IrDAConfig                         0x080026a7   Thumb Code    18  stm32f10x_usart.o(.text)
    USART_IrDACmd                            0x080026b9   Thumb Code    24  stm32f10x_usart.o(.text)
    USART_GetFlagStatus                      0x080026d1   Thumb Code    26  stm32f10x_usart.o(.text)
    USART_ClearFlag                          0x080026eb   Thumb Code    18  stm32f10x_usart.o(.text)
    USART_GetITStatus                        0x080026fd   Thumb Code    84  stm32f10x_usart.o(.text)
    USART_ClearITPendingBit                  0x08002751   Thumb Code    52  stm32f10x_usart.o(.text)
    SystemInit                               0x08002863   Thumb Code    78  system_stm32f10x.o(.text)
    SystemCoreClockUpdate                    0x080028b1   Thumb Code   142  system_stm32f10x.o(.text)
    RCC_Configuration                        0x08002965   Thumb Code    90  main.o(.text)
    main                                     0x080029cb   Thumb Code    32  main.o(.text)
    NMI_Handler                              0x080029f1   Thumb Code     2  stm32f10x_it.o(.text)
    HardFault_Handler                        0x080029f3   Thumb Code     4  stm32f10x_it.o(.text)
    MemManage_Handler                        0x080029f7   Thumb Code     4  stm32f10x_it.o(.text)
    BusFault_Handler                         0x080029fb   Thumb Code     4  stm32f10x_it.o(.text)
    UsageFault_Handler                       0x080029ff   Thumb Code     4  stm32f10x_it.o(.text)
    SVC_Handler                              0x08002a03   Thumb Code     2  stm32f10x_it.o(.text)
    DebugMon_Handler                         0x08002a05   Thumb Code     2  stm32f10x_it.o(.text)
    PendSV_Handler                           0x08002a07   Thumb Code     2  stm32f10x_it.o(.text)
    SysTick_Handler                          0x08002a09   Thumb Code     2  stm32f10x_it.o(.text)
    assert_failed                            0x08002a0d   Thumb Code     2  appsys.o(.text)
    TurnONLight                              0x08002a0f   Thumb Code    18  appsys.o(.text)
    TurnOffLight                             0x08002a21   Thumb Code    18  appsys.o(.text)
    TurnOnAirCondit                          0x08002a33   Thumb Code    20  appsys.o(.text)
    TurnOffAirCondit                         0x08002a47   Thumb Code    20  appsys.o(.text)
    OpenCurtain                              0x08002a5b   Thumb Code    30  appsys.o(.text)
    CloseCurtain                             0x08002a79   Thumb Code    30  appsys.o(.text)
    SetAutoMode                              0x08002a97   Thumb Code     8  appsys.o(.text)
    SetManualMode                            0x08002a9f   Thumb Code     8  appsys.o(.text)
    gizwits_dataPoint_Init                   0x08002b59   Thumb Code    12  appsys.o(.text)
    Gizwits_Init                             0x08002b65   Thumb Code    26  appsys.o(.text)
    app_Ctl_Task                             0x08002b7f   Thumb Code     2  appsys.o(.text)
    app_SyncData_Task                        0x08002b83   Thumb Code    66  appsys.o(.text)
    app_GizwitsDataEvent_Handle              0x08002bc5   Thumb Code    26  appsys.o(.text)
    OLED_InitPage                            0x08002bdf   Thumb Code    56  appsys.o(.text)
    app_OledUpdateParam                      0x08002c17   Thumb Code    14  appsys.o(.text)
    app_BspUpdateParam                       0x08002c25   Thumb Code     2  appsys.o(.text)
    app_BspInit                              0x08002c27   Thumb Code    46  appsys.o(.text)
    app_Process                              0x08002c55   Thumb Code    18  appsys.o(.text)
    Key1_short_press_up_handle               0x08002c67   Thumb Code    10  appsys.o(.text)
    Key1_long_press_down_handle              0x08002c71   Thumb Code    10  appsys.o(.text)
    Key1_long_press_up_handle                0x08002c7b   Thumb Code     2  appsys.o(.text)
    Key2_short_press_up_handle               0x08002c7d   Thumb Code    30  appsys.o(.text)
    Key2_long_press_down_handle              0x08002c9b   Thumb Code   152  appsys.o(.text)
    Key2_long_press_up_handle                0x08002d33   Thumb Code    10  appsys.o(.text)
    DHT11_Init                               0x08002db9   Thumb Code    18  bsp_dht11.o(.text)
    DHT11_Read_TempAndHumidity               0x08002e65   Thumb Code   210  bsp_dht11.o(.text)
    LED_Init                                 0x08002f3d   Thumb Code    84  led.o(.text)
    BEEP_Init                                0x08002f91   Thumb Code    44  led.o(.text)
    GPIO_TogglePin                           0x08002fbd   Thumb Code     8  led.o(.text)
    ld3322_init                              0x08002fd9   Thumb Code    12  snr1806.o(.text)
    Ld3322_RevOneFrameData                   0x08002fe5   Thumb Code    30  snr1806.o(.text)
    RegisterLd3322                           0x08003003   Thumb Code     6  snr1806.o(.text)
    drv_Ld3322_Handle                        0x08003009   Thumb Code    70  snr1806.o(.text)
    ULN2003_ResetAllPhase                    0x08003055   Thumb Code    26  uln2003.o(.text)
    Moto_Init                                0x0800306f   Thumb Code    88  uln2003.o(.text)
    Motorcw                                  0x080030c7   Thumb Code   284  uln2003.o(.text)
    Motorccw                                 0x080031e3   Thumb Code   276  uln2003.o(.text)
    MotorStop                                0x080032f7   Thumb Code     8  uln2003.o(.text)
    Motor_PreSet                             0x080032ff   Thumb Code    10  uln2003.o(.text)
    Motor_Millisecond                        0x08003309   Thumb Code   118  uln2003.o(.text)
    MotorCwStep                              0x0800337f   Thumb Code   316  uln2003.o(.text)
    MotorCCwStep                             0x080034bb   Thumb Code   296  uln2003.o(.text)
    OLED_IIC_Init                            0x080035f1   Thumb Code    96  oled.o(.text)
    OLED_SDA_OUT                             0x08003651   Thumb Code    32  oled.o(.text)
    OLED_SDA_IN                              0x08003671   Thumb Code    32  oled.o(.text)
    OLED_IIC_Start                           0x08003691   Thumb Code    52  oled.o(.text)
    OLED_IIC_Stop                            0x080036c5   Thumb Code    38  oled.o(.text)
    OLED_IIC_Wait_Ask                        0x080036eb   Thumb Code    64  oled.o(.text)
    OLED_IIC_WriteByte                       0x0800372b   Thumb Code    82  oled.o(.text)
    OLED_IIC_ReadByte                        0x0800377d   Thumb Code    96  oled.o(.text)
    OLED_WriteCmd                            0x080037dd   Thumb Code    44  oled.o(.text)
    OLED_WriteDat                            0x08003809   Thumb Code    44  oled.o(.text)
    OLED_Init                                0x08003835   Thumb Code   182  oled.o(.text)
    OLED_ON                                  0x080038eb   Thumb Code    22  oled.o(.text)
    OLED_SetPos                              0x08003901   Thumb Code    40  oled.o(.text)
    OLED_Fill                                0x08003929   Thumb Code    58  oled.o(.text)
    OLED_CLS                                 0x08003963   Thumb Code    10  oled.o(.text)
    OLED_ShowStr                             0x0800396d   Thumb Code   246  oled.o(.text)
    OLED_ShowCnAndAsciiStr                   0x08003a63   Thumb Code   414  oled.o(.text)
    delay_init                               0x08003c0d   Thumb Code    50  delay.o(.text)
    delay_us                                 0x08003c3f   Thumb Code    72  delay.o(.text)
    delay_ms                                 0x08003c87   Thumb Code    72  delay.o(.text)
    fputc                                    0x08003ce1   Thumb Code    32  usart.o(.text)
    GetKey                                   0x08003d01   Thumb Code    24  usart.o(.text)
    uart1_init                               0x08003d19   Thumb Code   170  usart.o(.text)
    uart2_init                               0x08003dc3   Thumb Code   172  usart.o(.text)
    uart3_init                               0x08003e6f   Thumb Code   176  usart.o(.text)
    Uart_SendByte                            0x08003f1f   Thumb Code    30  usart.o(.text)
    Uart_SendStr                             0x08003f3d   Thumb Code    26  usart.o(.text)
    Uart_SendBuf                             0x08003f57   Thumb Code    34  usart.o(.text)
    USART1_IRQHandler                        0x08003f79   Thumb Code    78  usart.o(.text)
    USART2_IRQHandler                        0x08003fc7   Thumb Code    78  usart.o(.text)
    USART3_IRQHandler                        0x08004015   Thumb Code    68  usart.o(.text)
    TIME_Init                                0x08004085   Thumb Code    92  timer.o(.text)
    FML_TIME_Init                            0x080040e1   Thumb Code    22  timer.o(.text)
    TIM4_IRQHandler                          0x080040f7   Thumb Code    30  timer.o(.text)
    TIM4_Int_Init                            0x08004115   Thumb Code    90  timer.o(.text)
    TIM2_IRQHandler                          0x0800416f   Thumb Code   154  timer.o(.text)
    TIM3_IRQHandler                          0x08004209   Thumb Code   154  timer.o(.text)
    FML_TIME_Start                           0x080042a3   Thumb Code    58  timer.o(.text)
    FML_TIME_Stop                            0x080042dd   Thumb Code    58  timer.o(.text)
    FML_TIME_Register                        0x08004317   Thumb Code    54  timer.o(.text)
    FML_TIME_Cnt_Register                    0x0800434d   Thumb Code    54  timer.o(.text)
    FML_TIME_UnRegister                      0x08004383   Thumb Code   118  timer.o(.text)
    ADC_COnfig                               0x08004405   Thumb Code   138  adc.o(.text)
    ADC_NVIC_Config                          0x0800448f   Thumb Code    30  adc.o(.text)
    ADC_GPIO_Config                          0x080044ad   Thumb Code    32  adc.o(.text)
    ADC_Sensor_Init                          0x080044cd   Thumb Code    16  adc.o(.text)
    DMA_Configuration                        0x080044dd   Thumb Code    84  adc.o(.text)
    ADC1_2_IRQHandler                        0x08004531   Thumb Code    40  adc.o(.text)
    Water_GetResult                          0x08004559   Thumb Code     8  adc.o(.text)
    get_mq2_value                            0x08004561   Thumb Code    54  adc.o(.text)
    gizwitsEventProcess                      0x080045b9   Thumb Code   160  gizwits_product.o(.text)
    userHandle                               0x08004659   Thumb Code     2  gizwits_product.o(.text)
    userInit                                 0x0800465b   Thumb Code    12  gizwits_product.o(.text)
    gizTimerMs                               0x08004667   Thumb Code    12  gizwits_product.o(.text)
    gizGetTimerCount                         0x08004673   Thumb Code     6  gizwits_product.o(.text)
    mcuRestart                               0x08004679   Thumb Code    38  gizwits_product.o(.text)
    timerInit                                0x0800469f   Thumb Code     2  gizwits_product.o(.text)
    uartInit                                 0x080046a1   Thumb Code     2  gizwits_product.o(.text)
    uartWrite                                0x080046a3   Thumb Code    64  gizwits_product.o(.text)
    gizPutData                               0x080046fd   Thumb Code    40  gizwits_protocol.o(.text)
    calculateDynamicBitPartLen               0x0800477f   Thumb Code    50  gizwits_protocol.o(.text)
    gizwitsInit                              0x0800546f   Thumb Code    32  gizwits_protocol.o(.text)
    gizwitsSetMode                           0x0800548f   Thumb Code   534  gizwits_protocol.o(.text)
    gizwitsGetNTP                            0x080056a5   Thumb Code    82  gizwits_protocol.o(.text)
    gizwitsGetModuleInfo                     0x080056f7   Thumb Code    88  gizwits_protocol.o(.text)
    gizwitsHandle                            0x0800578d   Thumb Code   498  gizwits_protocol.o(.text)
    gizwitsPassthroughData                   0x0800597f   Thumb Code   146  gizwits_protocol.o(.text)
    gizProtocolSum                           0x08005a15   Thumb Code    38  common.o(.text)
    exchangeBytes                            0x08005a3b   Thumb Code    26  common.o(.text)
    exchangeWord                             0x08005a55   Thumb Code    26  common.o(.text)
    char2hex                                 0x08005a6f   Thumb Code   108  common.o(.text)
    checkStringIsNotZero                     0x08005adb   Thumb Code    46  common.o(.text)
    returnWeekDay                            0x08005b09   Thumb Code   156  common.o(.text)
    returnNtp2Wt                             0x08005bf1   Thumb Code   274  common.o(.text)
    str2Hex                                  0x08005d03   Thumb Code    80  common.o(.text)
    hex2Str                                  0x08005d53   Thumb Code    82  common.o(.text)
    gizByteOrderExchange                     0x08005dad   Thumb Code    50  datapointtools.o(.text)
    gizY2X                                   0x08005ddf   Thumb Code    14  datapointtools.o(.text)
    gizX2Y                                   0x08005ded   Thumb Code    12  datapointtools.o(.text)
    gizY2XFloat                              0x08005df9   Thumb Code    42  datapointtools.o(.text)
    gizX2YFloat                              0x08005e23   Thumb Code    42  datapointtools.o(.text)
    gizAcrossByteJudge                       0x08005e4d   Thumb Code    42  datapointtools.o(.text)
    gizVarlenCompressValue                   0x08005e77   Thumb Code   124  datapointtools.o(.text)
    gizVarlenDecompressionValue              0x08005ef3   Thumb Code   196  datapointtools.o(.text)
    gizStandardDecompressionValue            0x08005fb7   Thumb Code   194  datapointtools.o(.text)
    gizStandardCompressValue                 0x08006079   Thumb Code   128  datapointtools.o(.text)
    rbCreate                                 0x080060f9   Thumb Code    22  ringbuffer.o(.text)
    rbDelete                                 0x0800610f   Thumb Code    24  ringbuffer.o(.text)
    rbCapacity                               0x08006127   Thumb Code    14  ringbuffer.o(.text)
    rbCanRead                                0x08006135   Thumb Code    56  ringbuffer.o(.text)
    rbCanWrite                               0x0800616d   Thumb Code    30  ringbuffer.o(.text)
    rbRead                                   0x0800618b   Thumb Code   162  ringbuffer.o(.text)
    rbWrite                                  0x0800622d   Thumb Code   154  ringbuffer.o(.text)
    User_MemCmp                              0x080062c7   Thumb Code    34  user_common.o(.text)
    User_MemCpy                              0x080062e9   Thumb Code    24  user_common.o(.text)
    User_MemSet                              0x08006301   Thumb Code    22  user_common.o(.text)
    toupper                                  0x08006317   Thumb Code    12  toupper.o(.text)
    __aeabi_memcpy                           0x08006323   Thumb Code    36  memcpya.o(.text)
    __aeabi_memcpy4                          0x08006323   Thumb Code     0  memcpya.o(.text)
    __aeabi_memcpy8                          0x08006323   Thumb Code     0  memcpya.o(.text)
    __aeabi_memset                           0x08006347   Thumb Code    14  memseta.o(.text)
    __aeabi_memset4                          0x08006347   Thumb Code     0  memseta.o(.text)
    __aeabi_memset8                          0x08006347   Thumb Code     0  memseta.o(.text)
    __aeabi_memclr                           0x08006355   Thumb Code     4  memseta.o(.text)
    __aeabi_memclr4                          0x08006355   Thumb Code     0  memseta.o(.text)
    __aeabi_memclr8                          0x08006355   Thumb Code     0  memseta.o(.text)
    _memset$wrapper                          0x08006359   Thumb Code    18  memseta.o(.text)
    strlen                                   0x0800636b   Thumb Code    14  strlen.o(.text)
    strcmp                                   0x08006379   Thumb Code    28  strcmp.o(.text)
    __aeabi_fadd                             0x08006395   Thumb Code   164  fadd.o(.text)
    __aeabi_fsub                             0x08006439   Thumb Code     6  fadd.o(.text)
    __aeabi_frsub                            0x0800643f   Thumb Code     6  fadd.o(.text)
    __aeabi_fmul                             0x08006445   Thumb Code   100  fmul.o(.text)
    __aeabi_fdiv                             0x080064a9   Thumb Code   124  fdiv.o(.text)
    __aeabi_dmul                             0x08006525   Thumb Code   228  dmul.o(.text)
    __aeabi_ui2f                             0x08006609   Thumb Code    10  ffltui.o(.text)
    __aeabi_f2uiz                            0x08006613   Thumb Code    40  ffixui.o(.text)
    __aeabi_f2d                              0x0800663b   Thumb Code    38  f2d.o(.text)
    __aeabi_d2f                              0x08006661   Thumb Code    56  d2f.o(.text)
    __I$use$fp                               0x08006699   Thumb Code     0  iusefp.o(.text)
    _float_round                             0x08006699   Thumb Code    18  fepilogue.o(.text)
    _float_epilogue                          0x080066ab   Thumb Code    92  fepilogue.o(.text)
    _double_round                            0x08006707   Thumb Code    30  depilogue.o(.text)
    _double_epilogue                         0x08006725   Thumb Code   156  depilogue.o(.text)
    __scatterload                            0x080067c1   Thumb Code    28  init.o(.text)
    __scatterload_rt2                        0x080067c1   Thumb Code     0  init.o(.text)
    __aeabi_llsl                             0x080067e5   Thumb Code    30  llshl.o(.text)
    _ll_shift_l                              0x080067e5   Thumb Code     0  llshl.o(.text)
    __aeabi_llsr                             0x08006803   Thumb Code    32  llushr.o(.text)
    _ll_ushift_r                             0x08006803   Thumb Code     0  llushr.o(.text)
    __decompress                             0x08006823   Thumb Code     0  __dczerorl2.o(.text)
    __decompress1                            0x08006823   Thumb Code    86  __dczerorl2.o(.text)
    __scatterload_copy                       0x08006879   Thumb Code    14  handlers.o(i.__scatterload_copy)
    __scatterload_null                       0x08006887   Thumb Code     2  handlers.o(i.__scatterload_null)
    __scatterload_zeroinit                   0x08006889   Thumb Code    14  handlers.o(i.__scatterload_zeroinit)
    free                                     0x08006899   Thumb Code    76  malloc.o(i.free)
    F6x8                                     0x080068e8   Data         552  oled.o(.constdata)
    F8X16                                    0x08006b10   Data        1520  oled.o(.constdata)
    Region$$Table$$Base                      0x080071dc   Number         0  anon$$obj.o(Region$$Table)
    Region$$Table$$Limit                     0x080071fc   Number         0  anon$$obj.o(Region$$Table)
    SystemCoreClock                          0x20000014   Data           4  system_stm32f10x.o(.data)
    AHBPrescTable                            0x20000018   Data          16  system_stm32f10x.o(.data)
    single_key_table                         0x20000028   Data          54  appparam.o(.data)
    keyhandle                                0x2000005e   Data          18  appparam.o(.data)
    dht11_data                               0x20000070   Data           5  appparam.o(.data)
    SysParamHandle                           0x20000078   Data          56  appparam.o(.data)
    CmdList                                  0x200000b4   Data          80  appsys.o(.data)
    gs_Ld3322Handle                          0x20000108   Data          16  snr1806.o(.data)
    CnFont_16x16                             0x2000011c   Data         756  oled.o(.data)
    F16x16                                   0x20000410   Data         160  oled.o(.data)
    Cn_16x16                                 0x200004b0   Data           1  oled.o(.data)
    BMP1                                     0x200004b1   Data        1024  oled.o(.data)
    OLED_Type_Handle                         0x200008b2   Data           4  oled.o(.data)
    AD_Value                                 0x200008c0   Data           2  adc.o(.data)
    resurt                                   0x200008c2   Data           2  adc.o(.data)
    aRxBuffer                                0x200008c8   Data           1  gizwits_product.o(.data)
    gfunCallback                             0x200008cc   Data           4  gizwits_product.o(.data)
    __microlib_freelist                      0x200008e0   Data           4  mvars.o(.data)
    matrix_key_table                         0x200008e4   Data         198  appparam.o(.bss)
    gs_MotorHandle                           0x200009c8   Data          20  uln2003.o(.bss)
    Uart1_Rx_Buf                             0x200009dc   Data          50  usart.o(.bss)
    Uart2_Rx_Buf                             0x20000a0e   Data          32  usart.o(.bss)
    Uart3_Rx_Buf                             0x20000a2e   Data          30  usart.o(.bss)
    currentDataPoint                         0x20000af8   Data          10  gizwits_product.o(.bss)
    gizwitsProtocol                          0x20000b02   Data         280  gizwits_protocol.o(.bss)
    pRb                                      0x20000c1a   Data          16  gizwits_protocol.o(.bss)
    __initial_sp                             0x20001060   Data           0  startup_stm32f10x_md.o(STACK)



==============================================================================

Memory Map of the image

  Image Entry point : 0x080000ed

  Load Region LR_IROM1 (Base: 0x08000000, Size: 0x00007ae0, Max: 0x00010000, ABSOLUTE, COMPRESSED[0x000076a0])

    Execution Region ER_IROM1 (Exec base: 0x08000000, Load base: 0x08000000, Size: 0x000071fc, Max: 0x00010000, ABSOLUTE)

    Exec Addr    Load Addr    Size         Type   Attr      Idx    E Section Name        Object

    0x08000000   0x08000000   0x000000ec   Data   RO            3    RESET               startup_stm32f10x_md.o
    0x080000ec   0x080000ec   0x00000000   Code   RO          876  * .ARM.Collect$$$$00000000  mc_w.l(entry.o)
    0x080000ec   0x080000ec   0x00000004   Code   RO          935    .ARM.Collect$$$$00000001  mc_w.l(entry2.o)
    0x080000f0   0x080000f0   0x00000004   Code   RO          938    .ARM.Collect$$$$00000004  mc_w.l(entry5.o)
    0x080000f4   0x080000f4   0x00000000   Code   RO          940    .ARM.Collect$$$$00000008  mc_w.l(entry7b.o)
    0x080000f4   0x080000f4   0x00000000   Code   RO          942    .ARM.Collect$$$$0000000A  mc_w.l(entry8b.o)
    0x080000f4   0x080000f4   0x00000008   Code   RO          943    .ARM.Collect$$$$0000000B  mc_w.l(entry9a.o)
    0x080000fc   0x080000fc   0x00000000   Code   RO          945    .ARM.Collect$$$$0000000D  mc_w.l(entry10a.o)
    0x080000fc   0x080000fc   0x00000000   Code   RO          947    .ARM.Collect$$$$0000000F  mc_w.l(entry11a.o)
    0x080000fc   0x080000fc   0x00000004   Code   RO          936    .ARM.Collect$$$$00002712  mc_w.l(entry2.o)
    0x08000100   0x08000100   0x00000024   Code   RO            4    .text               startup_stm32f10x_md.o
    0x08000124   0x08000124   0x000000dc   Code   RO           10    .text               misc.o
    0x08000200   0x08000200   0x0000044e   Code   RO          106    .text               stm32f10x_adc.o
    0x0800064e   0x0800064e   0x00000002   PAD
    0x08000650   0x08000650   0x00000254   Code   RO          181    .text               stm32f10x_dma.o
    0x080008a4   0x080008a4   0x000005bc   Code   RO          205    .text               stm32f10x_flash.o
    0x08000e60   0x08000e60   0x0000035c   Code   RO          217    .text               stm32f10x_gpio.o
    0x080011bc   0x080011bc   0x000003a4   Code   RO          265    .text               stm32f10x_rcc.o
    0x08001560   0x08001560   0x00000e1a   Code   RO          291    .text               stm32f10x_tim.o
    0x0800237a   0x0800237a   0x00000002   PAD
    0x0800237c   0x0800237c   0x00000408   Code   RO          303    .text               stm32f10x_usart.o
    0x08002784   0x08002784   0x000001e0   Code   RO          325    .text               system_stm32f10x.o
    0x08002964   0x08002964   0x0000008c   Code   RO          343    .text               main.o
    0x080029f0   0x080029f0   0x0000001a   Code   RO          489    .text               stm32f10x_it.o
    0x08002a0a   0x08002a0a   0x00000002   PAD
    0x08002a0c   0x08002a0c   0x00000384   Code   RO          535    .text               appsys.o
    0x08002d90   0x08002d90   0x000001ac   Code   RO          575    .text               bsp_dht11.o
    0x08002f3c   0x08002f3c   0x0000009c   Code   RO          587    .text               led.o
    0x08002fd8   0x08002fd8   0x0000007c   Code   RO          616    .text               snr1806.o
    0x08003054   0x08003054   0x0000059c   Code   RO          642    .text               uln2003.o
    0x080035f0   0x080035f0   0x0000061c   Code   RO          658    .text               oled.o
    0x08003c0c   0x08003c0c   0x000000d4   Code   RO          693    .text               delay.o
    0x08003ce0   0x08003ce0   0x000003a4   Code   RO          713    .text               usart.o
    0x08004084   0x08004084   0x00000380   Code   RO          729    .text               timer.o
    0x08004404   0x08004404   0x000001b4   Code   RO          764    .text               adc.o
    0x080045b8   0x080045b8   0x00000144   Code   RO          782    .text               gizwits_product.o
    0x080046fc   0x080046fc   0x00001318   Code   RO          805    .text               gizwits_protocol.o
    0x08005a14   0x08005a14   0x00000398   Code   RO          827    .text               common.o
    0x08005dac   0x08005dac   0x0000034c   Code   RO          840    .text               datapointtools.o
    0x080060f8   0x080060f8   0x000001ce   Code   RO          852    .text               ringbuffer.o
    0x080062c6   0x080062c6   0x00000050   Code   RO          864    .text               user_common.o
    0x08006316   0x08006316   0x0000000c   Code   RO          879    .text               mc_w.l(toupper.o)
    0x08006322   0x08006322   0x00000024   Code   RO          881    .text               mc_w.l(memcpya.o)
    0x08006346   0x08006346   0x00000024   Code   RO          883    .text               mc_w.l(memseta.o)
    0x0800636a   0x0800636a   0x0000000e   Code   RO          885    .text               mc_w.l(strlen.o)
    0x08006378   0x08006378   0x0000001c   Code   RO          887    .text               mc_w.l(strcmp.o)
    0x08006394   0x08006394   0x000000b0   Code   RO          919    .text               mf_w.l(fadd.o)
    0x08006444   0x08006444   0x00000064   Code   RO          921    .text               mf_w.l(fmul.o)
    0x080064a8   0x080064a8   0x0000007c   Code   RO          923    .text               mf_w.l(fdiv.o)
    0x08006524   0x08006524   0x000000e4   Code   RO          925    .text               mf_w.l(dmul.o)
    0x08006608   0x08006608   0x0000000a   Code   RO          927    .text               mf_w.l(ffltui.o)
    0x08006612   0x08006612   0x00000028   Code   RO          929    .text               mf_w.l(ffixui.o)
    0x0800663a   0x0800663a   0x00000026   Code   RO          931    .text               mf_w.l(f2d.o)
    0x08006660   0x08006660   0x00000038   Code   RO          933    .text               mf_w.l(d2f.o)
    0x08006698   0x08006698   0x00000000   Code   RO          951    .text               mc_w.l(iusefp.o)
    0x08006698   0x08006698   0x0000006e   Code   RO          952    .text               mf_w.l(fepilogue.o)
    0x08006706   0x08006706   0x000000ba   Code   RO          954    .text               mf_w.l(depilogue.o)
    0x080067c0   0x080067c0   0x00000024   Code   RO          956    .text               mc_w.l(init.o)
    0x080067e4   0x080067e4   0x0000001e   Code   RO          958    .text               mc_w.l(llshl.o)
    0x08006802   0x08006802   0x00000020   Code   RO          960    .text               mc_w.l(llushr.o)
    0x08006822   0x08006822   0x00000056   Code   RO          970    .text               mc_w.l(__dczerorl2.o)
    0x08006878   0x08006878   0x0000000e   Code   RO          964    i.__scatterload_copy  mc_w.l(handlers.o)
    0x08006886   0x08006886   0x00000002   Code   RO          965    i.__scatterload_null  mc_w.l(handlers.o)
    0x08006888   0x08006888   0x0000000e   Code   RO          966    i.__scatterload_zeroinit  mc_w.l(handlers.o)
    0x08006896   0x08006896   0x00000002   PAD
    0x08006898   0x08006898   0x00000050   Code   RO          891    i.free              mc_w.l(malloc.o)
    0x080068e8   0x080068e8   0x00000818   Data   RO          659    .constdata          oled.o
    0x08007100   0x08007100   0x00000030   Data   RO          828    .constdata          common.o
    0x08007130   0x08007130   0x0000005d   Data   RO          536    .conststring        appsys.o
    0x0800718d   0x0800718d   0x00000003   PAD
    0x08007190   0x08007190   0x0000004b   Data   RO          660    .conststring        oled.o
    0x080071db   0x080071db   0x00000001   PAD
    0x080071dc   0x080071dc   0x00000020   Data   RO          962    Region$$Table       anon$$obj.o


    Execution Region RW_IRAM1 (Exec base: 0x20000000, Load base: 0x080071fc, Size: 0x00001060, Max: 0x00005000, ABSOLUTE, COMPRESSED[0x000004a4])

    Exec Addr    Load Addr    Size         Type   Attr      Idx    E Section Name        Object

    0x20000000   COMPRESSED   0x00000014   Data   RW          266    .data               stm32f10x_rcc.o
    0x20000014   COMPRESSED   0x00000014   Data   RW          326    .data               system_stm32f10x.o
    0x20000028   COMPRESSED   0x00000088   Data   RW          505    .data               appparam.o
    0x200000b0   COMPRESSED   0x00000058   Data   RW          537    .data               appsys.o
    0x20000108   COMPRESSED   0x00000010   Data   RW          618    .data               snr1806.o
    0x20000118   COMPRESSED   0x00000001   Data   RW          644    .data               uln2003.o
    0x20000119   COMPRESSED   0x00000003   PAD
    0x2000011c   COMPRESSED   0x0000079a   Data   RW          661    .data               oled.o
    0x200008b6   COMPRESSED   0x00000004   Data   RW          694    .data               delay.o
    0x200008ba   COMPRESSED   0x00000006   Data   RW          715    .data               usart.o
    0x200008c0   COMPRESSED   0x00000004   Data   RW          765    .data               adc.o
    0x200008c4   COMPRESSED   0x0000000c   Data   RW          784    .data               gizwits_product.o
    0x200008d0   COMPRESSED   0x00000010   Data   RW          807    .data               gizwits_protocol.o
    0x200008e0   COMPRESSED   0x00000004   Data   RW          949    .data               mc_w.l(mvars.o)
    0x200008e4        -       0x000000c6   Zero   RW          504    .bss                appparam.o
    0x200009aa        -       0x0000001e   Zero   RW          617    .bss                snr1806.o
    0x200009c8        -       0x00000014   Zero   RW          643    .bss                uln2003.o
    0x200009dc        -       0x00000070   Zero   RW          714    .bss                usart.o
    0x20000a4c        -       0x000000ac   Zero   RW          730    .bss                timer.o
    0x20000af8        -       0x0000000a   Zero   RW          783    .bss                gizwits_product.o
    0x20000b02        -       0x00000158   Zero   RW          806    .bss                gizwits_protocol.o
    0x20000c5a   COMPRESSED   0x00000006   PAD
    0x20000c60        -       0x00000400   Zero   RW            1    STACK               startup_stm32f10x_md.o


==============================================================================

Image component sizes


      Code (inc. data)   RO Data    RW Data    ZI Data      Debug   Object Name

       436         34          0          4          0       2465   adc.o
         0          0          0        136        198       7446   appparam.o
       900         84         93         88          0       8667   appsys.o
       428          6          0          0          0       1960   bsp_dht11.o
       920          8         48          0          0       4313   common.o
       844          0          0          0          0       5434   datapointtools.o
       212         18          0          4          0       1099   delay.o
       324         46          0         12         10      19531   gizwits_product.o
      4888        214          0         16        344      12901   gizwits_protocol.o
       156         20          0          0          0       1292   led.o
       140          6          0          0          0     214168   main.o
       220         22          0          0          0     279793   misc.o
      1564         30       2147       1946          0       6062   oled.o
       462          0          0          0          0       2687   ringbuffer.o
       124          6          0         16         30       2776   snr1806.o
        36          8        236          0       1024        960   startup_stm32f10x_md.o
      1102         26          0          0          0      11221   stm32f10x_adc.o
       596          8          0          0          0       4542   stm32f10x_dma.o
      1468         34          0          0          0       8386   stm32f10x_flash.o
       860         38          0          0          0       5913   stm32f10x_gpio.o
        26          0          0          0          0       1226   stm32f10x_it.o
       932         36          0         20          0       9148   stm32f10x_rcc.o
      3610         88          0          0          0      23020   stm32f10x_tim.o
      1032         22          0          0          0       8636   stm32f10x_usart.o
       480         38          0         20          0       2139   system_stm32f10x.o
       896         12          0          0        172       4747   timer.o
      1436         66          0          1         20       3058   uln2003.o
       932         44          0          6        112       3979   usart.o
        80          0          0          0          0       1666   user_common.o

    ----------------------------------------------------------------------
     25110        914       2560       2272       1916     659235   Object Totals
         0          0         32          0          0          0   (incl. Generated)
         6          0          4          3          6          0   (incl. Padding)

    ----------------------------------------------------------------------

      Code (inc. data)   RO Data    RW Data    ZI Data      Debug   Library Member Name

        86          0          0          0          0          0   __dczerorl2.o
         0          0          0          0          0          0   entry.o
         0          0          0          0          0          0   entry10a.o
         0          0          0          0          0          0   entry11a.o
         8          4          0          0          0          0   entry2.o
         4          0          0          0          0          0   entry5.o
         0          0          0          0          0          0   entry7b.o
         0          0          0          0          0          0   entry8b.o
         8          4          0          0          0          0   entry9a.o
        30          0          0          0          0          0   handlers.o
        36          8          0          0          0         68   init.o
         0          0          0          0          0          0   iusefp.o
        30          0          0          0          0         68   llshl.o
        32          0          0          0          0         68   llushr.o
        80          4          0          0          0         76   malloc.o
        36          0          0          0          0         68   memcpya.o
        36          0          0          0          0        108   memseta.o
         0          0          0          4          0          0   mvars.o
        28          0          0          0          0         76   strcmp.o
        14          0          0          0          0         68   strlen.o
        12          0          0          0          0         68   toupper.o
        56          0          0          0          0         88   d2f.o
       186          0          0          0          0        176   depilogue.o
       228          0          0          0          0         96   dmul.o
        38          0          0          0          0         68   f2d.o
       176          0          0          0          0        140   fadd.o
       124          0          0          0          0         88   fdiv.o
       110          0          0          0          0        168   fepilogue.o
        40          0          0          0          0         68   ffixui.o
        10          0          0          0          0         68   ffltui.o
       100          0          0          0          0         76   fmul.o

    ----------------------------------------------------------------------
      1510         20          0          4          0       1704   Library Totals
         2          0          0          0          0          0   (incl. Padding)

    ----------------------------------------------------------------------

      Code (inc. data)   RO Data    RW Data    ZI Data      Debug   Library Name

       440         20          0          4          0        668   mc_w.l
      1068          0          0          0          0       1036   mf_w.l

    ----------------------------------------------------------------------
      1510         20          0          4          0       1704   Library Totals

    ----------------------------------------------------------------------

==============================================================================


      Code (inc. data)   RO Data    RW Data    ZI Data      Debug   

     26620        934       2560       2276       1916     657427   Grand Totals
     26620        934       2560       1188       1916     657427   ELF Image Totals (compressed)
     26620        934       2560       1188          0          0   ROM Totals

==============================================================================

    Total RO  Size (Code + RO Data)                29180 (  28.50kB)
    Total RW  Size (RW Data + ZI Data)              4192 (   4.09kB)
    Total ROM Size (Code + RO Data + RW Data)      30368 (  29.66kB)

==============================================================================

